Microchip MPLAB XC8 Compiler V2.40

Linker command line:

-W-3 \
  --edf=C:\Program Files\Microchip\xc8\v2.40\pic\dat\20220703182018_en.msgs \
  -cn -h+dist/default/debug\final-project-panagiotis.X.debug.sym \
  --cmf=dist/default/debug\final-project-panagiotis.X.debug.cmf -z \
  -Q18F67K40 -oC:\Users\PanSt\AppData\Local\Temp\xcAskmk.4 \
  --defsym=__MPLAB_BUILD=1 --fixupoverflow=error \
  -Mdist/default/debug/final-project-panagiotis.X.debug.map \
  --md=C:\Users\PanSt\AppData\Local\Temp\xcAskmk.dat -E1 -ver=XC8 Compiler \
  --acfsm=1493 -ACODE=00h-01FFFFh -ACONST=00h-01FFFFh \
  -ASMALLCONST=0E00h-0EFFhx498 -AMEDIUMCONST=0E00h-0FFFFh,010E00h-01FFFFh \
  -ACOMRAM=01h-05Fh -AABS1=00h-0DE9h -ABIGRAM=01h-0DE9h \
  -ARAM=060h-0FFh,0100h-01FFhx12,0D00h-0DE9h -ABANK0=060h-0FFh \
  -ABANK1=0100h-01FFh -ABANK2=0200h-02FFh -ABANK3=0300h-03FFh \
  -ABANK4=0400h-04FFh -ABANK5=0500h-05FFh -ABANK6=0600h-06FFh \
  -ABANK7=0700h-07FFh -ABANK8=0800h-08FFh -ABANK9=0900h-09FFh \
  -ABANK10=0A00h-0AFFh -ABANK11=0B00h-0BFFh -ABANK12=0C00h-0CFFh \
  -ABANK13=0D00h-0DE9h \
  -ASFR=0DEFh-0DFFh,0E00h-0EFFh,0F00h-0F5Fh,0F60h-0FFFh \
  -ABIGSFR=0DEFh-0FFFh -ACONFIG=0300000h-030000Bh -AIDLOC=0200000h-020000Fh \
  -AEEDATA=0310000h-03103FFh -peeprom_data=EEDATA \
  -preset_vec=00h,intcode=08h,intcodelo,powerup,init -pramtop=0E00h \
  -psmallconst=SMALLCONST -pmediumconst=MEDIUMCONST -pconst=CONST \
  -AFARRAM=00h-00h \
  -prdata=COMRAM,nvrram=COMRAM,nvbit=COMRAM,rbss=COMRAM,rbit=COMRAM \
  -pfarbss=FARRAM,fardata=FARRAM,nvFARRAM=FARRAM \
  -pintsave_regs=BIGRAM,bigbss=BIGRAM,bigdata=BIGRAM -pbss=RAM \
  -pidata=CODE,irdata=CODE,ibigdata=CODE,ifardata=CODE -prparam=COMRAM \
  C:\Users\PanSt\AppData\Local\Temp\xcAskmk.o \
  dist/default/debug\final-project-panagiotis.X.debug.o 

Object code version is 3.11

Machine type is 18F67K40



                Name                               Link     Load   Length Selector   Space Scale
C:\Users\PanSt\AppData\Local\Temp\xcAskmk.o
                idloc                            200000   200000       10        0       5
                config                           300000   300000        C        0       4
                init                                 2E       2E        4        4       0
                reset_vec                             0        0        6        0       0
dist/default/debug\final-project-panagiotis.X.debug.o
                intcode                               8        8       26        4       0
                idloc                            200000   200000       10        0       5
                config                           300000   300000        C        0       4
                temp                                 5F       5F        1        1       1
                text38                             1BC6     1BC6        6        4       0
                text36                             1B9C     1B9C        C        4       0
                text35                             16CC     16CC       74        4       0
                text34                             1B10     1B10       26        4       0
                text33                              990      990      16C        4       0
                text32                             10E4     10E4      128        4       0
                text31                              FBC      FBC      128        4       0
                text30                              E94      E94      128        4       0
                text29                              D6C      D6C      128        4       0
                text28                               32       32      454        4       0
                text27                             1B56     1B56       20        4       0
                text26                             19F0     19F0       48        4       0
                text25                             1ABE     1ABE       2A        4       0
                text24                             1AE8     1AE8       28        4       0
                text23                             1A7C     1A7C       42        4       0
                text22                             1BBC     1BBC        A        4       0
                text21                             1BB2     1BB2        A        4       0
                text20                             1BA8     1BA8        A        4       0
                text19                             1B90     1B90        C        4       0
                text18                             1956     1956       50        4       0
                text17                             1906     1906       50        4       0
                text16                             18B6     18B6       50        4       0
                text15                             1866     1866       50        4       0
                text14                             1A38     1A38       44        4       0
                text13                              C34      C34      138        4       0
                text12                             1328     1328       AA        4       0
                text11                             1B36     1B36       20        4       0
                text10                              AFC      AFC      138        4       0
                text9                              180C     180C       5A        4       0
                text8                              13D2     13D2       A4        4       0
                text7                              1740     1740       6A        4       0
                text6                               824      824      16C        4       0
                text5                               486      486      39E        4       0
                text4                              1516     1516       9C        4       0
                text3                              15B2     15B2       90        4       0
                text2                              19A6     19A6       4A        4       0
                text1                              1476     1476       A0        4       0
                text0                              120C     120C      11C        4       0
                cstackCOMRAM                          1        1       4C        1       1
                cstackBANK0                          C2       C2       2C       60       1
                dataBANK1                           1DC      1DC        C      100       1
                bssBANK1                            100      100       DC      100       1
                dataBANK0                            60       60       62       60       1
                bssBANK0                             EE       EE        C       60       1
                dataCOMRAM                           4D       4D        E        1       1
                bssCOMRAM                            5B       5B        4        1       1
                cinit                              1642     1642       8A        4       0
                idataBANK1                         1B84     1B84        C        4       0
                idataBANK0                         17AA     17AA       62        4       0
                idataCOMRAM                        1B76     1B76        E        4       0

TOTAL           Name                               Link     Load   Length     Space
        CLASS   CODE           
                intcode                               8        8       26         0
                init                                 2E       2E        4         0
                reset_vec                             0        0        6         0
                text38                             1BC6     1BC6        6         0
                text36                             1B9C     1B9C        C         0
                text35                             16CC     16CC       74         0
                text34                             1B10     1B10       26         0
                text33                              990      990      16C         0
                text32                             10E4     10E4      128         0
                text31                              FBC      FBC      128         0
                text30                              E94      E94      128         0
                text29                              D6C      D6C      128         0
                text28                               32       32      454         0
                text27                             1B56     1B56       20         0
                text26                             19F0     19F0       48         0
                text25                             1ABE     1ABE       2A         0
                text24                             1AE8     1AE8       28         0
                text23                             1A7C     1A7C       42         0
                text22                             1BBC     1BBC        A         0
                text21                             1BB2     1BB2        A         0
                text20                             1BA8     1BA8        A         0
                text19                             1B90     1B90        C         0
                text18                             1956     1956       50         0
                text17                             1906     1906       50         0
                text16                             18B6     18B6       50         0
                text15                             1866     1866       50         0
                text14                             1A38     1A38       44         0
                text13                              C34      C34      138         0
                text12                             1328     1328       AA         0
                text11                             1B36     1B36       20         0
                text10                              AFC      AFC      138         0
                text9                              180C     180C       5A         0
                text8                              13D2     13D2       A4         0
                text7                              1740     1740       6A         0
                text6                               824      824      16C         0
                text5                               486      486      39E         0
                text4                              1516     1516       9C         0
                text3                              15B2     15B2       90         0
                text2                              19A6     19A6       4A         0
                text1                              1476     1476       A0         0
                text0                              120C     120C      11C         0
                cinit                              1642     1642       8A         0
                idataBANK1                         1B84     1B84        C         0
                idataBANK0                         17AA     17AA       62         0
                idataCOMRAM                        1B76     1B76        E         0

        CLASS   CONST          

        CLASS   SMALLCONST     

        CLASS   MEDIUMCONST    

        CLASS   COMRAM         
                temp                                 5F       5F        1         1
                cstackCOMRAM                          1        1       4C         1
                dataCOMRAM                           4D       4D        E         1
                bssCOMRAM                            5B       5B        4         1

        CLASS   ABS1           

        CLASS   BIGRAM         

        CLASS   RAM            

        CLASS   BANK0          
                cstackBANK0                          C2       C2       2C         1
                dataBANK0                            60       60       62         1
                bssBANK0                             EE       EE        C         1

        CLASS   BANK1          
                dataBANK1                           1DC      1DC        C         1
                bssBANK1                            100      100       DC         1

        CLASS   BANK2          

        CLASS   BANK3          

        CLASS   BANK4          

        CLASS   BANK5          

        CLASS   BANK6          

        CLASS   BANK7          

        CLASS   BANK8          

        CLASS   BANK9          

        CLASS   BANK10         

        CLASS   BANK11         

        CLASS   BANK12         

        CLASS   BANK13         

        CLASS   SFR            

        CLASS   BIGSFR         

        CLASS   CONFIG         
                config                           300000   300000        C         4

        CLASS   IDLOC          
                idloc                            200000   200000       10         5

        CLASS   EEDATA         

        CLASS   FARRAM         

        CLASS   HEAP           

        CLASS   STACK          



SEGMENTS        Name                           Load    Length   Top    Selector   Space  Class

                reset_vec                      000000  000006  000006         0       0  CODE    
                cstackCOMRAM                   000001  00005F  000060         1       1  COMRAM  
                intcode                        000008  001BC4  001BCC         4       0  CODE    
                dataBANK0                      000060  00009A  0000FA        60       1  BANK0   
                bssBANK1                       000100  0000E8  0001E8       100       1  BANK1   


UNUSED ADDRESS RANGES

        Name                Unused          Largest block    Delta
        BANK0            0000FA-0000FF                6
        BANK1            0001E8-0001FF               18
        BANK10           000A00-000AFF              100
        BANK11           000B00-000BFF              100
        BANK12           000C00-000CFF              100
        BANK13           000D00-000DE9               EA
        BANK2            000200-0002FF              100
        BANK3            000300-0003FF              100
        BANK4            000400-0004FF              100
        BANK5            000500-0005FF              100
        BANK6            000600-0006FF              100
        BANK7            000700-0007FF              100
        BANK8            000800-0008FF              100
        BANK9            000900-0009FF              100
        BIGRAM           0000FA-0000FF                6
                         0001E8-000DE9              C02
        BIGSFR           000DEF-000FFF              211
        CODE             000006-000007                2
                         001BCC-01FFFF            1E434
        CONST            000006-000007                2
                         001BCC-01FFFF            1E434
        EEDATA           310000-3103FF              400
        MEDIUMCONST      001BCC-00FFFF             E434
                         010E00-01FFFF             F200
        RAM              0000FA-0000FF                6
                         0001E8-000DE9              100
        SFR              000DEF-000FFF              100
        SMALLCONST       001BCC-01FFFF              100

                                  Symbol Table

?___lldiv                      cstackCOMRAM 00000D
?___lmul                       cstackCOMRAM 000001
?___lwdiv                      cstackCOMRAM 000007
?___wmul                       cstackCOMRAM 000001
?_color_read_Blue              cstackCOMRAM 000005
?_color_read_Clear             cstackCOMRAM 000005
?_color_read_Green             cstackCOMRAM 000005
?_color_read_Red               cstackCOMRAM 000005
?_get_color_code               cstackCOMRAM 000035
?_get_color_distance           cstackCOMRAM 000007
?_get_wall_presence            cstackCOMRAM 00000C
I2C_2_Master_Read@ack          cstackCOMRAM 000003
I2C_2_Master_Read@tmp          cstackCOMRAM 000004
I2C_2_Master_Write@data_byte   cstackCOMRAM 000002
RobotMovement@color            cstackCOMRAM 00001C
RobotMovement@i                cstackCOMRAM 000024
RobotMovement@i_1276           cstackCOMRAM 000026
RobotMovement@motorL           cstackCOMRAM 00001E
RobotMovement@motorR           cstackCOMRAM 000020
_ANSELDbits                    (abs)        000EA7
_ANSELFbits                    (abs)        000EB4
_Black_rule                    bssBANK1     0001D0
_Black_setup                   dataCOMRAM   00004D
_Blue_rule                     dataBANK0    00009C
_CCP1CONbits                   (abs)        000FAB
_CCP2CONbits                   (abs)        000FA7
_CCP3CONbits                   (abs)        000F26
_CCP4CONbits                   (abs)        000F22
_CCPR1H                        (abs)        000FAA
_CCPR2H                        (abs)        000FA6
_CCPR3H                        (abs)        000F25
_CCPR4H                        (abs)        000F21
_CCPTMRS0bits                  (abs)        000FAD
_Color_rules                   bssBANK1     000100
_Green_rule                    dataBANK0    0000A8
_HighISR                       intcode      000008
_I2C_2_Master_Idle             text24       001AE8
_I2C_2_Master_Init             text25       001ABE
_I2C_2_Master_Read             text23       001A7C
_I2C_2_Master_RepStart         text22       001BBC
_I2C_2_Master_Start            text21       001BB2
_I2C_2_Master_Stop             text20       001BA8
_I2C_2_Master_Write            text19       001B90
_INTCONbits                    (abs)        000FF2
_Interrupts_init               text36       001B9C
_LATAbits                      (abs)        000F79
_LATCbits                      (abs)        000F7B
_LATEbits                      (abs)        000F7D
_LATFbits                      (abs)        000F7E
_LATGbits                      (abs)        000F7F
_Lightblue_rule                dataBANK0    00006C
_Orange_rule                   dataBANK0    000078
_PIE0bits                      (abs)        000E29
_PIE2bits                      (abs)        000E2B
_PIR0bits                      (abs)        000E33
_PORTFbits                     (abs)        000F8E
_Pink_rule                     dataBANK0    000084
_RC7PPS                        (abs)        000E69
_RD5PPS                        (abs)        000E6F
_RD6PPS                        (abs)        000E70
_RE2PPS                        (abs)        000E74
_RE4PPS                        (abs)        000E76
_RG6PPS                        (abs)        000E88
_RGB                           bssBANK0     0000EE
_Red_rule                      dataBANK0    0000B4
_RobotMovement                 text28       000032
_SSP2ADD                       (abs)        000ED6
_SSP2BUF                       (abs)        000ED5
_SSP2CLKPPS                    (abs)        000E1C
_SSP2CON1bits                  (abs)        000ED9
_SSP2CON2                      (abs)        000EDA
_SSP2CON2bits                  (abs)        000EDA
_SSP2DATPPS                    (abs)        000E1D
_SSP2STAT                      (abs)        000ED8
_T0CON0bits                    (abs)        000FD5
_T0CON1bits                    (abs)        000FD6
_T2CLKCONbits                  (abs)        000FBF
_T2CONbits                     (abs)        000FBD
_T2HLTbits                     (abs)        000FBE
_T2PR                          (abs)        000FBC
_TMR0H                         (abs)        000FD4
_TMR0L                         (abs)        000FD3
_TRISAbits                     (abs)        000F81
_TRISCbits                     (abs)        000F83
_TRISDbits                     (abs)        000F84
_TRISEbits                     (abs)        000F85
_TRISFbits                     (abs)        000F86
_TRISGbits                     (abs)        000F87
_Timer0_init                   text27       001B56
_White_rule                    dataBANK1    0001DC
_White_setup                   dataBANK0    000060
_Yellow_rule                   dataBANK0    000090
__HRAM                         (abs)        000000
__Habs1                        abs1         000000
__Hbank0                       bank0        000000
__Hbank1                       bank1        000000
__Hbank10                      bank10       000000
__Hbank11                      bank11       000000
__Hbank12                      bank12       000000
__Hbank13                      bank13       000000
__Hbank2                       bank2        000000
__Hbank3                       bank3        000000
__Hbank4                       bank4        000000
__Hbank5                       bank5        000000
__Hbank6                       bank6        000000
__Hbank7                       bank7        000000
__Hbank8                       bank8        000000
__Hbank9                       bank9        000000
__Hbigbss                      bigbss       000000
__Hbigdata                     bigdata      000000
__Hbigram                      bigram       000000
__Hbigsfr                      bigsfr       000000
__Hbss                         bss          000000
__HbssBANK0                    bssBANK0     000000
__HbssBANK1                    bssBANK1     000000
__HbssCOMRAM                   bssCOMRAM    000000
__Hcinit                       cinit        000000
__Hclrtext                     clrtext      000000
__Hcomram                      comram       000000
__Hconfig                      config       30000C
__Hconst                       const        000000
__HcstackBANK0                 cstackBANK0  000000
__HcstackCOMRAM                cstackCOMRAM 000000
__Hdata                        data         000000
__HdataBANK0                   dataBANK0    000000
__HdataBANK1                   dataBANK1    000000
__HdataCOMRAM                  dataCOMRAM   000000
__Heeprom_data                 eeprom_data  000000
__Hfarbss                      farbss       000000
__Hfardata                     fardata      000000
__Hheap                        heap         000000
__Hibigdata                    ibigdata     000000
__Hidata                       idata        000000
__HidataBANK0                  idataBANK0   000000
__HidataBANK1                  idataBANK1   000000
__HidataCOMRAM                 idataCOMRAM  000000
__Hidloc                       idloc        200010
__Hifardata                    ifardata     000000
__Hinit                        init         000032
__Hintcode                     intcode      00002E
__Hintcode_body                intcode_body 000000
__Hintcodelo                   intcodelo    00002E
__Hintentry                    intentry     000000
__Hintret                      intret       000000
__Hintsave_regs                intsave_regs 000000
__Hirdata                      irdata       000000
__Hmediumconst                 mediumconst  000000
__HnvFARRAM                    nvFARRAM     000000
__Hnvbit                       nvbit        000000
__Hnvrram                      nvrram       000000
__Hparam                       rparam       000000
__Hpowerup                     powerup      00002E
__Hram                         ram          000000
__Hramtop                      ramtop       000E00
__Hrbit                        rbit         000000
__Hrbss                        rbss         000000
__Hrdata                       rdata        000000
__Hreset_vec                   reset_vec    000006
__Hrparam                      rparam       000000
__Hsfr                         sfr          000000
__Hsmallconst                  smallconst   000000
__Hspace_0                     (abs)        001BCC
__Hspace_1                     (abs)        0001E8
__Hspace_2                     (abs)        000000
__Hspace_4                     (abs)        60000C
__Hstack                       stack        000000
__Hstruct                      struct       000000
__Htemp                        temp         000060
__Htext                        text         000000
__Htext0                       text0        000000
__Htext1                       text1        000000
__Htext10                      text10       000000
__Htext11                      text11       000000
__Htext12                      text12       000000
__Htext13                      text13       000000
__Htext14                      text14       000000
__Htext15                      text15       000000
__Htext16                      text16       000000
__Htext17                      text17       000000
__Htext18                      text18       000000
__Htext19                      text19       000000
__Htext2                       text2        000000
__Htext20                      text20       000000
__Htext21                      text21       000000
__Htext22                      text22       000000
__Htext23                      text23       000000
__Htext24                      text24       000000
__Htext25                      text25       000000
__Htext26                      text26       000000
__Htext27                      text27       000000
__Htext28                      text28       000000
__Htext29                      text29       000000
__Htext3                       text3        000000
__Htext30                      text30       000000
__Htext31                      text31       000000
__Htext32                      text32       000000
__Htext33                      text33       000000
__Htext34                      text34       000000
__Htext35                      text35       000000
__Htext36                      text36       000000
__Htext38                      text38       000000
__Htext4                       text4        000000
__Htext5                       text5        000000
__Htext6                       text6        000000
__Htext7                       text7        000000
__Htext8                       text8        000000
__Htext9                       text9        000000
__LRAM                         (abs)        000001
__Labs1                        abs1         000000
__Lbank0                       bank0        000000
__Lbank1                       bank1        000000
__Lbank10                      bank10       000000
__Lbank11                      bank11       000000
__Lbank12                      bank12       000000
__Lbank13                      bank13       000000
__Lbank2                       bank2        000000
__Lbank3                       bank3        000000
__Lbank4                       bank4        000000
__Lbank5                       bank5        000000
__Lbank6                       bank6        000000
__Lbank7                       bank7        000000
__Lbank8                       bank8        000000
__Lbank9                       bank9        000000
__Lbigbss                      bigbss       000000
__Lbigdata                     bigdata      000000
__Lbigram                      bigram       000000
__Lbigsfr                      bigsfr       000000
__Lbss                         bss          000000
__LbssBANK0                    bssBANK0     000000
__LbssBANK1                    bssBANK1     000000
__LbssCOMRAM                   bssCOMRAM    000000
__Lcinit                       cinit        000000
__Lclrtext                     clrtext      000000
__Lcomram                      comram       000000
__Lconfig                      config       000000
__Lconst                       const        000000
__LcstackBANK0                 cstackBANK0  000000
__LcstackCOMRAM                cstackCOMRAM 000000
__Ldata                        data         000000
__LdataBANK0                   dataBANK0    000000
__LdataBANK1                   dataBANK1    000000
__LdataCOMRAM                  dataCOMRAM   000000
__Leeprom_data                 eeprom_data  000000
__Lfarbss                      farbss       000000
__Lfardata                     fardata      000000
__Lheap                        heap         000000
__Libigdata                    ibigdata     000000
__Lidata                       idata        000000
__LidataBANK0                  idataBANK0   000000
__LidataBANK1                  idataBANK1   000000
__LidataCOMRAM                 idataCOMRAM  000000
__Lidloc                       idloc        000000
__Lifardata                    ifardata     000000
__Linit                        init         00002E
__Lintcode                     intcode      000008
__Lintcode_body                intcode_body 000000
__Lintcodelo                   intcodelo    00002E
__Lintentry                    intentry     000000
__Lintret                      intret       000000
__Lintsave_regs                intsave_regs 000000
__Lirdata                      irdata       000000
__Lmediumconst                 mediumconst  000000
__LnvFARRAM                    nvFARRAM     000000
__Lnvbit                       nvbit        000000
__Lnvrram                      nvrram       000000
__Lparam                       rparam       000000
__Lpowerup                     powerup      00002E
__Lram                         ram          000000
__Lramtop                      ramtop       000E00
__Lrbit                        rbit         000000
__Lrbss                        rbss         000000
__Lrdata                       rdata        000000
__Lreset_vec                   reset_vec    000000
__Lrparam                      rparam       000000
__Lsfr                         sfr          000000
__Lsmallconst                  smallconst   000000
__Lspace_0                     (abs)        000000
__Lspace_1                     (abs)        000000
__Lspace_2                     (abs)        000000
__Lspace_4                     (abs)        000000
__Lstack                       stack        000000
__Lstruct                      struct       000000
__Ltemp                        temp         00005F
__Ltext                        text         000000
__Ltext0                       text0        000000
__Ltext1                       text1        000000
__Ltext10                      text10       000000
__Ltext11                      text11       000000
__Ltext12                      text12       000000
__Ltext13                      text13       000000
__Ltext14                      text14       000000
__Ltext15                      text15       000000
__Ltext16                      text16       000000
__Ltext17                      text17       000000
__Ltext18                      text18       000000
__Ltext19                      text19       000000
__Ltext2                       text2        000000
__Ltext20                      text20       000000
__Ltext21                      text21       000000
__Ltext22                      text22       000000
__Ltext23                      text23       000000
__Ltext24                      text24       000000
__Ltext25                      text25       000000
__Ltext26                      text26       000000
__Ltext27                      text27       000000
__Ltext28                      text28       000000
__Ltext29                      text29       000000
__Ltext3                       text3        000000
__Ltext30                      text30       000000
__Ltext31                      text31       000000
__Ltext32                      text32       000000
__Ltext33                      text33       000000
__Ltext34                      text34       000000
__Ltext35                      text35       000000
__Ltext36                      text36       000000
__Ltext38                      text38       000000
__Ltext4                       text4        000000
__Ltext5                       text5        000000
__Ltext6                       text6        000000
__Ltext7                       text7        000000
__Ltext8                       text8        000000
__Ltext9                       text9        000000
__S0                           (abs)        001BCC
__S1                           (abs)        0001E8
__S4                           (abs)        000000
__S5                           (abs)        000000
___heap_hi                     (abs)        000000
___heap_lo                     (abs)        000000
___inthi_sp                    stack        000000
___intlo_sp                    stack        000000
___lldiv                       text8        0013D2
___lldiv@counter               cstackCOMRAM 000019
___lldiv@dividend              cstackCOMRAM 00000D
___lldiv@divisor               cstackCOMRAM 000011
___lldiv@quotient              cstackCOMRAM 000015
___lmul                        text7        001740
___lmul@multiplicand           cstackCOMRAM 000005
___lmul@multiplier             cstackCOMRAM 000001
___lmul@product                cstackCOMRAM 000009
___lwdiv                       text35       0016CC
___lwdiv@counter               cstackCOMRAM 00000D
___lwdiv@dividend              cstackCOMRAM 000007
___lwdiv@divisor               cstackCOMRAM 000009
___lwdiv@quotient              cstackCOMRAM 00000B
___param_bank                  (abs)        000000
___rparam_used                 (abs)        000001
___sp                          stack        000000
___wmul                        text34       001B10
___wmul@multiplicand           cstackCOMRAM 000003
___wmul@multiplier             cstackCOMRAM 000001
___wmul@product                cstackCOMRAM 000005
__accesstop                    (abs)        000060
__activetblptr                 (abs)        000000
__end_of_HighISR               intcode      00002E
__end_of_I2C_2_Master_Idle     text24       001B10
__end_of_I2C_2_Master_Init     text25       001AE8
__end_of_I2C_2_Master_Read     text23       001ABE
__end_of_I2C_2_Master_RepStart text22       001BC6
__end_of_I2C_2_Master_Start    text21       001BBC
__end_of_I2C_2_Master_Stop     text20       001BB2
__end_of_I2C_2_Master_Write    text19       001B9C
__end_of_Interrupts_init       text36       001BA8
__end_of_RobotMovement         text28       000486
__end_of_Timer0_init           text27       001B76
__end_of___lldiv               text8        001476
__end_of___lmul                text7        0017AA
__end_of___lwdiv               text35       001740
__end_of___wmul                text34       001B36
__end_of__initialization       cinit        0016C2
__end_of_add_seconds_to_list   text26       001A38
__end_of_calibrate_black       text13       000D6C
__end_of_calibrate_white       text12       0013D2
__end_of_color_click_init      text10       000C34
__end_of_color_read_Blue       text18       0019A6
__end_of_color_read_Clear      text17       001956
__end_of_color_read_Green      text16       001906
__end_of_color_read_Red        text15       0018B6
__end_of_color_writetoaddr     text11       001B56
__end_of_fullSpeedAhead        text9        001866
__end_of_get_color_code        text5        000824
__end_of_get_color_distance    text6        000990
__end_of_get_wall_presence     text4        0015B2
__end_of_increment_seconds     text38       001BCC
__end_of_initDCmotorsPWM       text3        001642
__end_of_main                  text0        001328
__end_of_moveBack              text1        001516
__end_of_setMotorPWM           text33       000AFC
__end_of_set_led_color         text14       001A7C
__end_of_stop                  text2        0019F0
__end_of_turnLeft              text32       00120C
__end_of_turnLeftLong          text31       0010E4
__end_of_turnRight             text30       000FBC
__end_of_turnRightLong         text29       000E94
__initialization               cinit        001642
__mediumconst                  mediumconst  000000
__pbssBANK0                    bssBANK0     0000EE
__pbssBANK1                    bssBANK1     000100
__pbssCOMRAM                   bssCOMRAM    00005B
__pcinit                       cinit        001642
__pcstackBANK0                 cstackBANK0  0000C2
__pcstackCOMRAM                cstackCOMRAM 000001
__pdataBANK0                   dataBANK0    000060
__pdataBANK1                   dataBANK1    0001DC
__pdataCOMRAM                  dataCOMRAM   00004D
__pidataBANK0                  idataBANK0   0017AA
__pidataBANK1                  idataBANK1   001B84
__pidataCOMRAM                 idataCOMRAM  001B76
__pintcode                     intcode      000008
__ptext0                       text0        00120C
__ptext1                       text1        001476
__ptext10                      text10       000AFC
__ptext11                      text11       001B36
__ptext12                      text12       001328
__ptext13                      text13       000C34
__ptext14                      text14       001A38
__ptext15                      text15       001866
__ptext16                      text16       0018B6
__ptext17                      text17       001906
__ptext18                      text18       001956
__ptext19                      text19       001B90
__ptext2                       text2        0019A6
__ptext20                      text20       001BA8
__ptext21                      text21       001BB2
__ptext22                      text22       001BBC
__ptext23                      text23       001A7C
__ptext24                      text24       001AE8
__ptext25                      text25       001ABE
__ptext26                      text26       0019F0
__ptext27                      text27       001B56
__ptext28                      text28       000032
__ptext29                      text29       000D6C
__ptext3                       text3        0015B2
__ptext30                      text30       000E94
__ptext31                      text31       000FBC
__ptext32                      text32       0010E4
__ptext33                      text33       000990
__ptext34                      text34       001B10
__ptext35                      text35       0016CC
__ptext36                      text36       001B9C
__ptext38                      text38       001BC6
__ptext4                       text4        001516
__ptext5                       text5        000486
__ptext6                       text6        000824
__ptext7                       text7        001740
__ptext8                       text8        0013D2
__ptext9                       text9        00180C
__ramtop                       ramtop       000E00
__smallconst                   smallconst   000000
_add_seconds_to_list           text26       0019F0
_calibrate_black               text13       000C34
_calibrate_black$2448          cstackCOMRAM 000014
_calibrate_white               text12       001328
_color_click_init              text10       000AFC
_color_read_Blue               text18       001956
_color_read_Clear              text17       001906
_color_read_Green              text16       0018B6
_color_read_Red                text15       001866
_color_writetoaddr             text11       001B36
_fullSpeedAhead                text9        00180C
_get_color_code                text5        000486
_get_color_code$2447           cstackBANK0  0000C2
_get_color_code$458            cstackBANK0  0000CE
_get_color_code$459            cstackBANK0  0000D2
_get_color_code$460            cstackBANK0  0000D6
_get_color_distance            text6        000824
_get_color_distance$417        cstackCOMRAM 000023
_get_color_distance$419        cstackCOMRAM 000027
_get_color_distance$421        cstackCOMRAM 00002B
_get_wall_presence             text4        001516
_increment_seconds             text38       001BC6
_index                         bssCOMRAM    00005B
_initDCmotorsPWM               text3        0015B2
_main                          text0        00120C
_moveBack                      text1        001476
_movement_list                 bssBANK1     00016C
_seconds                       bssCOMRAM    00005D
_setMotorPWM                   text33       000990
_set_led_color                 text14       001A38
_stop                          text2        0019A6
_turnLeft                      text32       0010E4
_turnLeftLong                  text31       000FBC
_turnRight                     text30       000E94
_turnRightLong                 text29       000D6C
_wait_time                     dataBANK0    0000C0
_wall_coef                     dataCOMRAM   000059
btemp                          temp         00005F
calibrate_black@clear1         cstackCOMRAM 000010
calibrate_black@clear2         cstackCOMRAM 000012
color_read_Blue@tmp            cstackCOMRAM 00000A
color_read_Clear@tmp           cstackCOMRAM 00000A
color_read_Green@tmp           cstackCOMRAM 00000A
color_read_Red@tmp             cstackCOMRAM 00000A
color_writetoaddr@address      cstackCOMRAM 000004
color_writetoaddr@value        cstackCOMRAM 000003
end_of_initialization          cinit        0016C2
fullSpeedAhead@mL              cstackCOMRAM 000014
fullSpeedAhead@mR              cstackCOMRAM 000016
get_color_code@NormalizedRGB   cstackBANK0  0000E2
get_color_code@i               cstackBANK0  0000E0
get_color_code@min_index       cstackBANK0  0000DC
get_color_code@min_value       cstackBANK0  0000DA
get_color_code@value           cstackBANK0  0000DE
get_color_distance@B_offset    cstackCOMRAM 000033
get_color_distance@G_offset    cstackCOMRAM 000031
get_color_distance@R_offset    cstackCOMRAM 00002F
get_color_distance@color1      cstackCOMRAM 000007
get_color_distance@color2      cstackCOMRAM 000013
get_wall_presence@clear1       cstackCOMRAM 000010
get_wall_presence@clear2       cstackCOMRAM 000012
initDCmotorsPWM@PWMperiod      cstackCOMRAM 000001
int$flags                      temp         00005F
intlevel0                      text         000000
intlevel1                      text         000000
intlevel2                      text         000000
intlevel3                      text         000000
isa$std                        (abs)        000001
isa$xinst                      (abs)        000000
main@color_code                cstackCOMRAM 000039
main@motorL                    cstackCOMRAM 00003B
main@motorR                    cstackCOMRAM 000044
moveBack@mL                    cstackCOMRAM 00001A
moveBack@mR                    cstackCOMRAM 00001C
moveBack@time                  cstackCOMRAM 00001E
setMotorPWM@m                  cstackCOMRAM 00000E
setMotorPWM@negDuty            cstackCOMRAM 000013
setMotorPWM@posDuty            cstackCOMRAM 000012
set_led_color@color            cstackCOMRAM 000001
stackhi                        (abs)        000000
stacklo                        (abs)        000000
start                          init         00002E
start_initialization           cinit        001642
stop@mL                        cstackCOMRAM 000014
stop@mR                        cstackCOMRAM 000016
ttemp5                         temp         000060
ttemp6                         temp         000063
ttemp7                         temp         000067
turnLeft@i                     cstackCOMRAM 00001A
turnLeft@mL                    cstackCOMRAM 000014
turnLeft@mR                    cstackCOMRAM 000016
turnLeftLong@i                 cstackCOMRAM 00001A
turnLeftLong@mL                cstackCOMRAM 000014
turnLeftLong@mR                cstackCOMRAM 000016
turnRight@i                    cstackCOMRAM 00001A
turnRight@mL                   cstackCOMRAM 000014
turnRight@mR                   cstackCOMRAM 000016
turnRightLong@i                cstackCOMRAM 00001A
turnRightLong@mL               cstackCOMRAM 000014
turnRightLong@mR               cstackCOMRAM 000016
wtemp8                         temp         000060


MODULE INFORMATION

Module		Function		Class		Link	Load	Size
timers.c
		_Timer0_init   		CODE           	1B56	0000	32

timers.c estimated size: 32

C:\Program Files\Microchip\xc8\v2.40\pic\sources\c99\common\lwdiv.c
		___lwdiv       		CODE           	16CC	0000	116

C:\Program Files\Microchip\xc8\v2.40\pic\sources\c99\common\lwdiv.c estimated size: 116

color.c
		_color_writetoaddr		CODE           	1B36	0000	32
		_calibrate_black		CODE           	0C34	0000	312
		_calibrate_white		CODE           	1328	0000	170
		_get_color_code		CODE           	0486	0000	926
		_color_click_init		CODE           	0AFC	0000	312
		_get_color_distance		CODE           	0824	0000	364
		_color_read_Green		CODE           	18B6	0000	80
		_color_read_Clear		CODE           	1906	0000	80
		_color_read_Red		CODE           	1866	0000	80
		_get_wall_presence		CODE           	1516	0000	156
		_set_led_color 		CODE           	1A38	0000	68
		_color_read_Blue		CODE           	1956	0000	80

color.c estimated size: 2660

C:\Program Files\Microchip\xc8\v2.40\pic\sources\c99\common\Umul16.c
		___wmul        		CODE           	1B10	0000	38

C:\Program Files\Microchip\xc8\v2.40\pic\sources\c99\common\Umul16.c estimated size: 38

dc_motor.c
		_RobotMovement 		CODE           	0032	0000	1108
		_add_seconds_to_list		CODE           	19F0	0000	72
		_fullSpeedAhead		CODE           	180C	0000	90
		_turnLeft      		CODE           	10E4	0000	296
		_stop          		CODE           	19A6	0000	74
		_moveBack      		CODE           	1476	0000	160
		_initDCmotorsPWM		CODE           	15B2	0000	144
		_turnLeftLong  		CODE           	0FBC	0000	296
		_turnRight     		CODE           	0E94	0000	296
		_increment_seconds		CODE           	1BC6	0000	6
		_turnRightLong 		CODE           	0D6C	0000	296
		_setMotorPWM   		CODE           	0990	0000	364

dc_motor.c estimated size: 3202

interrupts.c
		_Interrupts_init		CODE           	1B9C	0000	12
		_HighISR       		CODE           	0008	0000	38

interrupts.c estimated size: 50

C:\Program Files\Microchip\xc8\v2.40\pic\sources\c99\common\__lldiv.c
		___lldiv       		CODE           	13D2	0000	164

C:\Program Files\Microchip\xc8\v2.40\pic\sources\c99\common\__lldiv.c estimated size: 164

i2c.c
		_I2C_2_Master_Start		CODE           	1BB2	0000	10
		_I2C_2_Master_Read		CODE           	1A7C	0000	66
		_I2C_2_Master_Idle		CODE           	1AE8	0000	40
		_I2C_2_Master_Init		CODE           	1ABE	0000	42
		_I2C_2_Master_Stop		CODE           	1BA8	0000	10
		_I2C_2_Master_RepStart		CODE           	1BBC	0000	10
		_I2C_2_Master_Write		CODE           	1B90	0000	12

i2c.c estimated size: 190

C:\Program Files\Microchip\xc8\v2.40\pic\sources\c99\common\Umul32.c
		___lmul        		CODE           	1740	0000	106

C:\Program Files\Microchip\xc8\v2.40\pic\sources\c99\common\Umul32.c estimated size: 106

shared
		__initialization		CODE           	1642	0000	128

shared estimated size: 128

main.c
		_main          		CODE           	120C	0000	284

main.c estimated size: 284

