Microchip MPLAB XC8 Compiler V2.40

Linker command line:

-W-3 \
  --edf=C:\Program Files\Microchip\xc8\v2.40\pic\dat\20220703182018_en.msgs \
  -cn -h+dist/default/debug\final-project-panagiotis.X.debug.sym \
  --cmf=dist/default/debug\final-project-panagiotis.X.debug.cmf -z \
  -Q18F67K40 -oC:\Users\arthu\AppData\Local\Temp\xcAsdn4.4 \
  --defsym=__MPLAB_BUILD=1 --fixupoverflow=error \
  -Mdist/default/debug/final-project-panagiotis.X.debug.map \
  --md=C:\Users\arthu\AppData\Local\Temp\xcAsdn4.dat -E1 -ver=XC8 Compiler \
  --acfsm=1493 -ACODE=00h-01FFFFh -ACONST=00h-01FFFFh \
  -ASMALLCONST=0E00h-0EFFhx498 -AMEDIUMCONST=0E00h-0FFFFh,010E00h-01FFFFh \
  -ACOMRAM=01h-05Fh -AABS1=00h-0DE9h -ABIGRAM=01h-0DE9h \
  -ARAM=060h-0FFh,0100h-01FFhx12,0D00h-0DE9h -ABANK0=060h-0FFh \
  -ABANK1=0100h-01FFh -ABANK2=0200h-02FFh -ABANK3=0300h-03FFh \
  -ABANK4=0400h-04FFh -ABANK5=0500h-05FFh -ABANK6=0600h-06FFh \
  -ABANK7=0700h-07FFh -ABANK8=0800h-08FFh -ABANK9=0900h-09FFh \
  -ABANK10=0A00h-0AFFh -ABANK11=0B00h-0BFFh -ABANK12=0C00h-0CFFh \
  -ABANK13=0D00h-0DE9h \
  -ASFR=0DEFh-0DFFh,0E00h-0EFFh,0F00h-0F5Fh,0F60h-0FFFh \
  -ABIGSFR=0DEFh-0FFFh -ACONFIG=0300000h-030000Bh -AIDLOC=0200000h-020000Fh \
  -AEEDATA=0310000h-03103FFh -peeprom_data=EEDATA \
  -preset_vec=00h,intcode=08h,intcodelo,powerup,init -pramtop=0E00h \
  -psmallconst=SMALLCONST -pmediumconst=MEDIUMCONST -pconst=CONST \
  -AFARRAM=00h-00h \
  -prdata=COMRAM,nvrram=COMRAM,nvbit=COMRAM,rbss=COMRAM,rbit=COMRAM \
  -pfarbss=FARRAM,fardata=FARRAM,nvFARRAM=FARRAM \
  -pintsave_regs=BIGRAM,bigbss=BIGRAM,bigdata=BIGRAM -pbss=RAM \
  -pidata=CODE,irdata=CODE,ibigdata=CODE,ifardata=CODE -prparam=COMRAM \
  C:\Users\arthu\AppData\Local\Temp\xcAsdn4.o \
  dist/default/debug\final-project-panagiotis.X.debug.o 

Object code version is 3.11

Machine type is 18F67K40



                Name                               Link     Load   Length Selector   Space Scale
C:\Users\arthu\AppData\Local\Temp\xcAsdn4.o
                idloc                            200000   200000       10        0       5
                config                           300000   300000        C        0       4
                init                                 2E       2E        4        4       0
                reset_vec                             0        0        6        0       0
dist/default/debug\final-project-panagiotis.X.debug.o
                intcode                               8        8       26        4       0
                idloc                            200000   200000       10        0       5
                config                           300000   300000        C        0       4
                temp                                 59       59        1        1       1
                text26                              D48      D48        6        4       0
                text24                              D1E      D1E        C        4       0
                text23                              CE4      CE4       20        4       0
                text22                              C4C      C4C       2A        4       0
                text21                              C76      C76       28        4       0
                text20                              C0A      C0A       42        4       0
                text19                              D3E      D3E        A        4       0
                text18                              D34      D34        A        4       0
                text17                              D2A      D2A        A        4       0
                text16                              D12      D12        C        4       0
                text15                              B2A      B2A       50        4       0
                text14                              ADA      ADA       50        4       0
                text13                              A8A      A8A       50        4       0
                text12                              BC6      BC6       44        4       0
                text11                              7BC      7BC       A4        4       0
                text10                              66E      66E       AA        4       0
                text9                               CC4      CC4       20        4       0
                text8                               536      536      138        4       0
                text7                               718      718       A4        4       0
                text6                               96E      96E       6A        4       0
                text5                               C9E      C9E       26        4       0
                text4                               3CA      3CA      16C        4       0
                text3                                32       32      398        4       0
                text2                               A3A      A3A       50        4       0
                text1                               860      860       A2        4       0
                text0                               B7A      B7A       4C        4       0
                cstackCOMRAM                          1        1       3C        1       1
                cstackBANK0                          CC       CC       2C       60       1
                bssBANK1                            100      100       78      100       1
                dataBANK0                            60       60       6C       60       1
                dataCOMRAM                           4B       4B        E        1       1
                bssCOMRAM                            3D       3D        E        1       1
                cinit                               9D8      9D8       62        4       0
                idataBANK0                          902      902       6C        4       0
                idataCOMRAM                         D04      D04        E        4       0

TOTAL           Name                               Link     Load   Length     Space
        CLASS   CODE           
                intcode                               8        8       26         0
                init                                 2E       2E        4         0
                reset_vec                             0        0        6         0
                text26                              D48      D48        6         0
                text24                              D1E      D1E        C         0
                text23                              CE4      CE4       20         0
                text22                              C4C      C4C       2A         0
                text21                              C76      C76       28         0
                text20                              C0A      C0A       42         0
                text19                              D3E      D3E        A         0
                text18                              D34      D34        A         0
                text17                              D2A      D2A        A         0
                text16                              D12      D12        C         0
                text15                              B2A      B2A       50         0
                text14                              ADA      ADA       50         0
                text13                              A8A      A8A       50         0
                text12                              BC6      BC6       44         0
                text11                              7BC      7BC       A4         0
                text10                              66E      66E       AA         0
                text9                               CC4      CC4       20         0
                text8                               536      536      138         0
                text7                               718      718       A4         0
                text6                               96E      96E       6A         0
                text5                               C9E      C9E       26         0
                text4                               3CA      3CA      16C         0
                text3                                32       32      398         0
                text2                               A3A      A3A       50         0
                text1                               860      860       A2         0
                text0                               B7A      B7A       4C         0
                cinit                               9D8      9D8       62         0
                idataBANK0                          902      902       6C         0
                idataCOMRAM                         D04      D04        E         0

        CLASS   CONST          

        CLASS   SMALLCONST     

        CLASS   MEDIUMCONST    

        CLASS   COMRAM         
                temp                                 59       59        1         1
                cstackCOMRAM                          1        1       3C         1
                dataCOMRAM                           4B       4B        E         1
                bssCOMRAM                            3D       3D        E         1

        CLASS   ABS1           

        CLASS   BIGRAM         

        CLASS   RAM            

        CLASS   BANK0          
                cstackBANK0                          CC       CC       2C         1
                dataBANK0                            60       60       6C         1

        CLASS   BANK1          
                bssBANK1                            100      100       78         1

        CLASS   BANK2          

        CLASS   BANK3          

        CLASS   BANK4          

        CLASS   BANK5          

        CLASS   BANK6          

        CLASS   BANK7          

        CLASS   BANK8          

        CLASS   BANK9          

        CLASS   BANK10         

        CLASS   BANK11         

        CLASS   BANK12         

        CLASS   BANK13         

        CLASS   SFR            

        CLASS   BIGSFR         

        CLASS   CONFIG         
                config                           300000   300000        C         4

        CLASS   IDLOC          
                idloc                            200000   200000       10         5

        CLASS   EEDATA         

        CLASS   FARRAM         

        CLASS   HEAP           

        CLASS   STACK          



SEGMENTS        Name                           Load    Length   Top    Selector   Space  Class

                reset_vec                      000000  000006  000006         0       0  CODE    
                cstackCOMRAM                   000001  000059  00005A         1       1  COMRAM  
                intcode                        000008  000D46  000D4E         4       0  CODE    
                dataBANK0                      000060  000098  0000F8        60       1  BANK0   
                bssBANK1                       000100  000078  000178       100       1  BANK1   


UNUSED ADDRESS RANGES

        Name                Unused          Largest block    Delta
        BANK0            0000F8-0000FF                8
        BANK1            000178-0001FF               88
        BANK10           000A00-000AFF              100
        BANK11           000B00-000BFF              100
        BANK12           000C00-000CFF              100
        BANK13           000D00-000DE9               EA
        BANK2            000200-0002FF              100
        BANK3            000300-0003FF              100
        BANK4            000400-0004FF              100
        BANK5            000500-0005FF              100
        BANK6            000600-0006FF              100
        BANK7            000700-0007FF              100
        BANK8            000800-0008FF              100
        BANK9            000900-0009FF              100
        BIGRAM           00005A-00005F                6
                         0000F8-0000FF                8
                         000178-000DE9              C72
        BIGSFR           000DEF-000FFF              211
        CODE             000006-000007                2
                         000D4E-01FFFF            1F2B2
        COMRAM           00005A-00005F                6
        CONST            000006-000007                2
                         000D4E-01FFFF            1F2B2
        EEDATA           310000-3103FF              400
        MEDIUMCONST      000E00-00FFFF             F200
                         010E00-01FFFF             F200
        RAM              0000F8-0000FF                8
                         000178-000DE9              100
        SFR              000DEF-000FFF              100
        SMALLCONST       000E00-01FFFF              100

                                  Symbol Table

?___lldiv                      cstackCOMRAM 00000D
?___lmul                       cstackCOMRAM 000001
?___wmul                       cstackCOMRAM 000001
?_color_read_Blue              cstackCOMRAM 000005
?_color_read_Clear             cstackCOMRAM 000005
?_color_read_Green             cstackCOMRAM 000005
?_color_read_Red               cstackCOMRAM 000005
?_get_color_code               cstackCOMRAM 000035
?_get_color_distance           cstackCOMRAM 000007
?_get_wall_presence            cstackCOMRAM 00000C
I2C_2_Master_Read@ack          cstackCOMRAM 000003
I2C_2_Master_Read@tmp          cstackCOMRAM 000004
I2C_2_Master_Write@data_byte   cstackCOMRAM 000002
_ANSELDbits                    (abs)        000EA7
_ANSELFbits                    (abs)        000EB4
_Black_rule                    bssBANK1     00016C
_Black_setup                   dataCOMRAM   00004B
_Blue_rule                     dataBANK0    0000A8
_CCP1CONbits                   (abs)        000FAB
_CCP2CONbits                   (abs)        000FA7
_CCP3CONbits                   (abs)        000F26
_CCP4CONbits                   (abs)        000F22
_CCPR1H                        (abs)        000FAA
_CCPR2H                        (abs)        000FA6
_CCPR3H                        (abs)        000F25
_CCPR4H                        (abs)        000F21
_CCPTMRS0bits                  (abs)        000FAD
_Color_rules                   bssBANK1     000100
_Green_rule                    dataBANK0    0000B4
_HighISR                       intcode      000008
_I2C_2_Master_Idle             text21       000C76
_I2C_2_Master_Init             text22       000C4C
_I2C_2_Master_Read             text20       000C0A
_I2C_2_Master_RepStart         text19       000D3E
_I2C_2_Master_Start            text18       000D34
_I2C_2_Master_Stop             text17       000D2A
_I2C_2_Master_Write            text16       000D12
_INTCONbits                    (abs)        000FF2
_Interrupts_init               text24       000D1E
_LATAbits                      (abs)        000F79
_LATCbits                      (abs)        000F7B
_LATEbits                      (abs)        000F7D
_LATFbits                      (abs)        000F7E
_LATGbits                      (abs)        000F7F
_LATHbits                      (abs)        000F80
_Lightblue_rule                dataBANK0    000078
_Orange_rule                   dataBANK0    000084
_PIE0bits                      (abs)        000E29
_PIE2bits                      (abs)        000E2B
_PIR0bits                      (abs)        000E33
_PORTFbits                     (abs)        000F8E
_Pink_rule                     dataBANK0    000090
_RC7PPS                        (abs)        000E69
_RD5PPS                        (abs)        000E6F
_RD6PPS                        (abs)        000E70
_RE2PPS                        (abs)        000E74
_RE4PPS                        (abs)        000E76
_RG6PPS                        (abs)        000E88
_RGB                           bssCOMRAM    00003D
_Red_rule                      dataBANK0    0000C0
_SSP2ADD                       (abs)        000ED6
_SSP2BUF                       (abs)        000ED5
_SSP2CLKPPS                    (abs)        000E1C
_SSP2CON1bits                  (abs)        000ED9
_SSP2CON2                      (abs)        000EDA
_SSP2CON2bits                  (abs)        000EDA
_SSP2DATPPS                    (abs)        000E1D
_SSP2STAT                      (abs)        000ED8
_T0CON0bits                    (abs)        000FD5
_T0CON1bits                    (abs)        000FD6
_T2CLKCONbits                  (abs)        000FBF
_T2CONbits                     (abs)        000FBD
_T2HLTbits                     (abs)        000FBE
_T2PR                          (abs)        000FBC
_TMR0H                         (abs)        000FD4
_TMR0L                         (abs)        000FD3
_TRISAbits                     (abs)        000F81
_TRISCbits                     (abs)        000F83
_TRISDbits                     (abs)        000F84
_TRISEbits                     (abs)        000F85
_TRISFbits                     (abs)        000F86
_TRISGbits                     (abs)        000F87
_TRISHbits                     (abs)        000F88
_Timer0_init                   text23       000CE4
_White_rule                    dataBANK0    00006C
_White_setup                   dataBANK0    000060
_Yellow_rule                   dataBANK0    00009C
__HRAM                         (abs)        000000
__Habs1                        abs1         000000
__Hbank0                       bank0        000000
__Hbank1                       bank1        000000
__Hbank10                      bank10       000000
__Hbank11                      bank11       000000
__Hbank12                      bank12       000000
__Hbank13                      bank13       000000
__Hbank2                       bank2        000000
__Hbank3                       bank3        000000
__Hbank4                       bank4        000000
__Hbank5                       bank5        000000
__Hbank6                       bank6        000000
__Hbank7                       bank7        000000
__Hbank8                       bank8        000000
__Hbank9                       bank9        000000
__Hbigbss                      bigbss       000000
__Hbigdata                     bigdata      000000
__Hbigram                      bigram       000000
__Hbigsfr                      bigsfr       000000
__Hbss                         bss          000000
__HbssBANK1                    bssBANK1     000000
__HbssCOMRAM                   bssCOMRAM    000000
__Hcinit                       cinit        000000
__Hclrtext                     clrtext      000000
__Hcomram                      comram       000000
__Hconfig                      config       30000C
__Hconst                       const        000000
__HcstackBANK0                 cstackBANK0  000000
__HcstackCOMRAM                cstackCOMRAM 000000
__Hdata                        data         000000
__HdataBANK0                   dataBANK0    000000
__HdataCOMRAM                  dataCOMRAM   000000
__Heeprom_data                 eeprom_data  000000
__Hfarbss                      farbss       000000
__Hfardata                     fardata      000000
__Hheap                        heap         000000
__Hibigdata                    ibigdata     000000
__Hidata                       idata        000000
__HidataBANK0                  idataBANK0   000000
__HidataCOMRAM                 idataCOMRAM  000000
__Hidloc                       idloc        200010
__Hifardata                    ifardata     000000
__Hinit                        init         000032
__Hintcode                     intcode      00002E
__Hintcode_body                intcode_body 000000
__Hintcodelo                   intcodelo    00002E
__Hintentry                    intentry     000000
__Hintret                      intret       000000
__Hintsave_regs                intsave_regs 000000
__Hirdata                      irdata       000000
__Hmediumconst                 mediumconst  000000
__HnvFARRAM                    nvFARRAM     000000
__Hnvbit                       nvbit        000000
__Hnvrram                      nvrram       000000
__Hparam                       rparam       000000
__Hpowerup                     powerup      00002E
__Hram                         ram          000000
__Hramtop                      ramtop       000E00
__Hrbit                        rbit         000000
__Hrbss                        rbss         000000
__Hrdata                       rdata        000000
__Hreset_vec                   reset_vec    000006
__Hrparam                      rparam       000000
__Hsfr                         sfr          000000
__Hsmallconst                  smallconst   000000
__Hspace_0                     (abs)        000E00
__Hspace_1                     (abs)        000178
__Hspace_2                     (abs)        000000
__Hspace_4                     (abs)        60000C
__Hstack                       stack        000000
__Hstruct                      struct       000000
__Htemp                        temp         00005A
__Htext                        text         000000
__Htext0                       text0        000000
__Htext1                       text1        000000
__Htext10                      text10       000000
__Htext11                      text11       000000
__Htext12                      text12       000000
__Htext13                      text13       000000
__Htext14                      text14       000000
__Htext15                      text15       000000
__Htext16                      text16       000000
__Htext17                      text17       000000
__Htext18                      text18       000000
__Htext19                      text19       000000
__Htext2                       text2        000000
__Htext20                      text20       000000
__Htext21                      text21       000000
__Htext22                      text22       000000
__Htext23                      text23       000000
__Htext24                      text24       000000
__Htext26                      text26       000000
__Htext3                       text3        000000
__Htext4                       text4        000000
__Htext5                       text5        000000
__Htext6                       text6        000000
__Htext7                       text7        000000
__Htext8                       text8        000000
__Htext9                       text9        000000
__LRAM                         (abs)        000001
__Labs1                        abs1         000000
__Lbank0                       bank0        000000
__Lbank1                       bank1        000000
__Lbank10                      bank10       000000
__Lbank11                      bank11       000000
__Lbank12                      bank12       000000
__Lbank13                      bank13       000000
__Lbank2                       bank2        000000
__Lbank3                       bank3        000000
__Lbank4                       bank4        000000
__Lbank5                       bank5        000000
__Lbank6                       bank6        000000
__Lbank7                       bank7        000000
__Lbank8                       bank8        000000
__Lbank9                       bank9        000000
__Lbigbss                      bigbss       000000
__Lbigdata                     bigdata      000000
__Lbigram                      bigram       000000
__Lbigsfr                      bigsfr       000000
__Lbss                         bss          000000
__LbssBANK1                    bssBANK1     000000
__LbssCOMRAM                   bssCOMRAM    000000
__Lcinit                       cinit        000000
__Lclrtext                     clrtext      000000
__Lcomram                      comram       000000
__Lconfig                      config       000000
__Lconst                       const        000000
__LcstackBANK0                 cstackBANK0  000000
__LcstackCOMRAM                cstackCOMRAM 000000
__Ldata                        data         000000
__LdataBANK0                   dataBANK0    000000
__LdataCOMRAM                  dataCOMRAM   000000
__Leeprom_data                 eeprom_data  000000
__Lfarbss                      farbss       000000
__Lfardata                     fardata      000000
__Lheap                        heap         000000
__Libigdata                    ibigdata     000000
__Lidata                       idata        000000
__LidataBANK0                  idataBANK0   000000
__LidataCOMRAM                 idataCOMRAM  000000
__Lidloc                       idloc        000000
__Lifardata                    ifardata     000000
__Linit                        init         00002E
__Lintcode                     intcode      000008
__Lintcode_body                intcode_body 000000
__Lintcodelo                   intcodelo    00002E
__Lintentry                    intentry     000000
__Lintret                      intret       000000
__Lintsave_regs                intsave_regs 000000
__Lirdata                      irdata       000000
__Lmediumconst                 mediumconst  000000
__LnvFARRAM                    nvFARRAM     000000
__Lnvbit                       nvbit        000000
__Lnvrram                      nvrram       000000
__Lparam                       rparam       000000
__Lpowerup                     powerup      00002E
__Lram                         ram          000000
__Lramtop                      ramtop       000E00
__Lrbit                        rbit         000000
__Lrbss                        rbss         000000
__Lrdata                       rdata        000000
__Lreset_vec                   reset_vec    000000
__Lrparam                      rparam       000000
__Lsfr                         sfr          000000
__Lsmallconst                  smallconst   000000
__Lspace_0                     (abs)        000000
__Lspace_1                     (abs)        000000
__Lspace_2                     (abs)        000000
__Lspace_4                     (abs)        000000
__Lstack                       stack        000000
__Lstruct                      struct       000000
__Ltemp                        temp         000059
__Ltext                        text         000000
__Ltext0                       text0        000000
__Ltext1                       text1        000000
__Ltext10                      text10       000000
__Ltext11                      text11       000000
__Ltext12                      text12       000000
__Ltext13                      text13       000000
__Ltext14                      text14       000000
__Ltext15                      text15       000000
__Ltext16                      text16       000000
__Ltext17                      text17       000000
__Ltext18                      text18       000000
__Ltext19                      text19       000000
__Ltext2                       text2        000000
__Ltext20                      text20       000000
__Ltext21                      text21       000000
__Ltext22                      text22       000000
__Ltext23                      text23       000000
__Ltext24                      text24       000000
__Ltext26                      text26       000000
__Ltext3                       text3        000000
__Ltext4                       text4        000000
__Ltext5                       text5        000000
__Ltext6                       text6        000000
__Ltext7                       text7        000000
__Ltext8                       text8        000000
__Ltext9                       text9        000000
__S0                           (abs)        000D4E
__S1                           (abs)        000178
__S4                           (abs)        000000
__S5                           (abs)        000000
___heap_hi                     (abs)        000000
___heap_lo                     (abs)        000000
___inthi_sp                    stack        000000
___intlo_sp                    stack        000000
___lldiv                       text7        000718
___lldiv@counter               cstackCOMRAM 000019
___lldiv@dividend              cstackCOMRAM 00000D
___lldiv@divisor               cstackCOMRAM 000011
___lldiv@quotient              cstackCOMRAM 000015
___lmul                        text6        00096E
___lmul@multiplicand           cstackCOMRAM 000005
___lmul@multiplier             cstackCOMRAM 000001
___lmul@product                cstackCOMRAM 000009
___param_bank                  (abs)        000000
___rparam_used                 (abs)        000001
___sp                          stack        000000
___wmul                        text5        000C9E
___wmul@multiplicand           cstackCOMRAM 000003
___wmul@multiplier             cstackCOMRAM 000001
___wmul@product                cstackCOMRAM 000005
__accesstop                    (abs)        000060
__activetblptr                 (abs)        000000
__end_of_HighISR               intcode      00002E
__end_of_I2C_2_Master_Idle     text21       000C9E
__end_of_I2C_2_Master_Init     text22       000C76
__end_of_I2C_2_Master_Read     text20       000C4C
__end_of_I2C_2_Master_RepStart text19       000D48
__end_of_I2C_2_Master_Start    text18       000D3E
__end_of_I2C_2_Master_Stop     text17       000D34
__end_of_I2C_2_Master_Write    text16       000D1E
__end_of_Interrupts_init       text24       000D2A
__end_of_Timer0_init           text23       000D04
__end_of___lldiv               text7        0007BC
__end_of___lmul                text6        0009D8
__end_of___wmul                text5        000CC4
__end_of__initialization       cinit        000A30
__end_of_calibrate_black       text11       000860
__end_of_calibrate_white       text10       000718
__end_of_color_click_init      text8        00066E
__end_of_color_read_Blue       text15       000B7A
__end_of_color_read_Clear      text2        000A8A
__end_of_color_read_Green      text14       000B2A
__end_of_color_read_Red        text13       000ADA
__end_of_color_writetoaddr     text9        000CE4
__end_of_get_color_code        text3        0003CA
__end_of_get_color_distance    text4        000536
__end_of_get_wall_presence     text1        000902
__end_of_increment_seconds     text26       000D4E
__end_of_main                  text0        000BC6
__end_of_set_led_color         text12       000C0A
__initialization               cinit        0009D8
__mediumconst                  mediumconst  000000
__pbssBANK1                    bssBANK1     000100
__pbssCOMRAM                   bssCOMRAM    00003D
__pcinit                       cinit        0009D8
__pcstackBANK0                 cstackBANK0  0000CC
__pcstackCOMRAM                cstackCOMRAM 000001
__pdataBANK0                   dataBANK0    000060
__pdataCOMRAM                  dataCOMRAM   00004B
__pidataBANK0                  idataBANK0   000902
__pidataCOMRAM                 idataCOMRAM  000D04
__pintcode                     intcode      000008
__ptext0                       text0        000B7A
__ptext1                       text1        000860
__ptext10                      text10       00066E
__ptext11                      text11       0007BC
__ptext12                      text12       000BC6
__ptext13                      text13       000A8A
__ptext14                      text14       000ADA
__ptext15                      text15       000B2A
__ptext16                      text16       000D12
__ptext17                      text17       000D2A
__ptext18                      text18       000D34
__ptext19                      text19       000D3E
__ptext2                       text2        000A3A
__ptext20                      text20       000C0A
__ptext21                      text21       000C76
__ptext22                      text22       000C4C
__ptext23                      text23       000CE4
__ptext24                      text24       000D1E
__ptext26                      text26       000D48
__ptext3                       text3        000032
__ptext4                       text4        0003CA
__ptext5                       text5        000C9E
__ptext6                       text6        00096E
__ptext7                       text7        000718
__ptext8                       text8        000536
__ptext9                       text9        000CC4
__ramtop                       ramtop       000E00
__smallconst                   smallconst   000000
_calibrate_black               text11       0007BC
_calibrate_white               text10       00066E
_color_click_init              text8        000536
_color_read_Blue               text15       000B2A
_color_read_Clear              text2        000A3A
_color_read_Green              text14       000ADA
_color_read_Red                text13       000A8A
_color_writetoaddr             text9        000CC4
_get_color_code                text3        000032
_get_color_code$2366           cstackBANK0  0000CC
_get_color_code$457            cstackBANK0  0000D8
_get_color_code$458            cstackBANK0  0000DC
_get_color_code$459            cstackBANK0  0000E0
_get_color_distance            text4        0003CA
_get_color_distance$416        cstackCOMRAM 000023
_get_color_distance$418        cstackCOMRAM 000027
_get_color_distance$420        cstackCOMRAM 00002B
_get_wall_presence             text1        000860
_increment_seconds             text26       000D48
_main                          text0        000B7A
_seconds                       bssCOMRAM    000049
_set_led_color                 text12       000BC6
_wait_time                     dataCOMRAM   000057
btemp                          temp         000059
color_read_Blue@tmp            cstackCOMRAM 00000A
color_read_Clear@tmp           cstackCOMRAM 00000A
color_read_Green@tmp           cstackCOMRAM 00000A
color_read_Red@tmp             cstackCOMRAM 00000A
color_writetoaddr@address      cstackCOMRAM 000004
color_writetoaddr@value        cstackCOMRAM 000003
end_of_initialization          cinit        000A30
get_color_code@NormalizedRGB   cstackBANK0  0000EC
get_color_code@i               cstackBANK0  0000EA
get_color_code@min_index       cstackBANK0  0000E6
get_color_code@min_value       cstackBANK0  0000E4
get_color_code@value           cstackBANK0  0000E8
get_color_distance@B_offset    cstackCOMRAM 000033
get_color_distance@G_offset    cstackCOMRAM 000031
get_color_distance@R_offset    cstackCOMRAM 00002F
get_color_distance@color1      cstackCOMRAM 000007
get_color_distance@color2      cstackCOMRAM 000013
get_wall_presence@clear1       cstackCOMRAM 000010
get_wall_presence@clear2       cstackCOMRAM 000012
int$flags                      temp         000059
intlevel0                      text         000000
intlevel1                      text         000000
intlevel2                      text         000000
intlevel3                      text         000000
isa$std                        (abs)        000001
isa$xinst                      (abs)        000000
main@color_code                cstackCOMRAM 000039
main@wall_presence             cstackCOMRAM 00003B
set_led_color@color            cstackCOMRAM 000001
stackhi                        (abs)        000000
stacklo                        (abs)        000000
start                          init         00002E
start_initialization           cinit        0009D8
ttemp5                         temp         00005A
ttemp6                         temp         00005D
ttemp7                         temp         000061
wtemp8                         temp         00005A


MODULE INFORMATION

Module		Function		Class		Link	Load	Size
timers.c
		_Timer0_init   		CODE           	0CE4	0000	32

timers.c estimated size: 32

color.c
		_color_writetoaddr		CODE           	0CC4	0000	32
		_calibrate_black		CODE           	07BC	0000	164
		_calibrate_white		CODE           	066E	0000	170
		_get_color_code		CODE           	0032	0000	920
		_color_click_init		CODE           	0536	0000	312
		_get_color_distance		CODE           	03CA	0000	364
		_color_read_Green		CODE           	0ADA	0000	80
		_color_read_Clear		CODE           	0A3A	0000	80
		_color_read_Red		CODE           	0A8A	0000	80
		_get_wall_presence		CODE           	0860	0000	162
		_set_led_color 		CODE           	0BC6	0000	68
		_color_read_Blue		CODE           	0B2A	0000	80

color.c estimated size: 2512

C:\Program Files\Microchip\xc8\v2.40\pic\sources\c99\common\Umul16.c
		___wmul        		CODE           	0C9E	0000	38

C:\Program Files\Microchip\xc8\v2.40\pic\sources\c99\common\Umul16.c estimated size: 38

interrupts.c
		_Interrupts_init		CODE           	0D1E	0000	12
		_HighISR       		CODE           	0008	0000	38

interrupts.c estimated size: 50

dc_motor.c
		_increment_seconds		CODE           	0D48	0000	6

dc_motor.c estimated size: 6

C:\Program Files\Microchip\xc8\v2.40\pic\sources\c99\common\__lldiv.c
		___lldiv       		CODE           	0718	0000	164

C:\Program Files\Microchip\xc8\v2.40\pic\sources\c99\common\__lldiv.c estimated size: 164

i2c.c
		_I2C_2_Master_Start		CODE           	0D34	0000	10
		_I2C_2_Master_Read		CODE           	0C0A	0000	66
		_I2C_2_Master_Idle		CODE           	0C76	0000	40
		_I2C_2_Master_Init		CODE           	0C4C	0000	42
		_I2C_2_Master_Stop		CODE           	0D2A	0000	10
		_I2C_2_Master_RepStart		CODE           	0D3E	0000	10
		_I2C_2_Master_Write		CODE           	0D12	0000	12

i2c.c estimated size: 190

C:\Program Files\Microchip\xc8\v2.40\pic\sources\c99\common\Umul32.c
		___lmul        		CODE           	096E	0000	106

C:\Program Files\Microchip\xc8\v2.40\pic\sources\c99\common\Umul32.c estimated size: 106

shared
		__initialization		CODE           	09D8	0000	88

shared estimated size: 88

main.c
		_main          		CODE           	0B7A	0000	76

main.c estimated size: 76

