Microchip MPLAB XC8 Compiler V2.40

Linker command line:

-W-3 \
  --edf=C:\Program Files\Microchip\xc8\v2.40\pic\dat\20220703182018_en.msgs \
  -cn -h+dist/default/production\final-project-panagiotis.X.production.sym \
  --cmf=dist/default/production\final-project-panagiotis.X.production.cmf \
  -z -Q18F67K40 -oC:\Users\PanSt\AppData\Local\Temp\xcAsab4.4 \
  --defsym=__MPLAB_BUILD=1 --fixupoverflow=error \
  -Mdist/default/production/final-project-panagiotis.X.production.map \
  --md=C:\Users\PanSt\AppData\Local\Temp\xcAsab4.dat -E1 -ver=XC8 Compiler \
  --acfsm=1493 -ACODE=00h-01FFFFh -ACONST=00h-01FFFFh \
  -ASMALLCONST=0E00h-0EFFhx498 -AMEDIUMCONST=0E00h-0FFFFh,010E00h-01FFFFh \
  -ACOMRAM=01h-05Fh -AABS1=00h-0DE9h -ABIGRAM=01h-0DE9h \
  -ARAM=060h-0FFh,0100h-01FFhx12,0D00h-0DE9h -ABANK0=060h-0FFh \
  -ABANK1=0100h-01FFh -ABANK2=0200h-02FFh -ABANK3=0300h-03FFh \
  -ABANK4=0400h-04FFh -ABANK5=0500h-05FFh -ABANK6=0600h-06FFh \
  -ABANK7=0700h-07FFh -ABANK8=0800h-08FFh -ABANK9=0900h-09FFh \
  -ABANK10=0A00h-0AFFh -ABANK11=0B00h-0BFFh -ABANK12=0C00h-0CFFh \
  -ABANK13=0D00h-0DE9h \
  -ASFR=0DEFh-0DFFh,0E00h-0EFFh,0F00h-0F5Fh,0F60h-0FFFh \
  -ABIGSFR=0DEFh-0FFFh -ACONFIG=0300000h-030000Bh -AIDLOC=0200000h-020000Fh \
  -AEEDATA=0310000h-03103FFh -peeprom_data=EEDATA \
  -preset_vec=00h,intcode=08h,intcodelo,powerup,init -pramtop=0E00h \
  -psmallconst=SMALLCONST -pmediumconst=MEDIUMCONST -pconst=CONST \
  -AFARRAM=00h-00h \
  -prdata=COMRAM,nvrram=COMRAM,nvbit=COMRAM,rbss=COMRAM,rbit=COMRAM \
  -pfarbss=FARRAM,fardata=FARRAM,nvFARRAM=FARRAM \
  -pintsave_regs=BIGRAM,bigbss=BIGRAM,bigdata=BIGRAM -pbss=RAM \
  -pidata=CODE,irdata=CODE,ibigdata=CODE,ifardata=CODE -prparam=COMRAM \
  C:\Users\PanSt\AppData\Local\Temp\xcAsab4.o \
  dist/default/production\final-project-panagiotis.X.production.o 

Object code version is 3.11

Machine type is 18F67K40



                Name                               Link     Load   Length Selector   Space Scale
C:\Users\PanSt\AppData\Local\Temp\xcAsab4.o
                idloc                            200000   200000       10        0       5
                config                           300000   300000        C        0       4
                init                                 A2       A2        4        4       0
                reset_vec                             0        0        4        0       0
dist/default/production\final-project-panagiotis.X.production.o
                intcode                               8        8       9A        4       0
                idloc                            200000   200000       10        0       5
                config                           300000   300000        C        0       4
                temp                                 4F       4F        1        1       1
                text51                             246A     246A        6        4       0
                text50                             234C     234C       28        4       0
                text49                             2288     2288       42        4       0
                text48                             2460     2460        A        4       0
                text47                             2456     2456        A        4       0
                text46                             244C     244C        A        4       0
                text45                             2418     2418        C        4       0
                text44                             2094     2094       50        4       0
                text43                             2202     2202       44        4       0
                text42                             1DBA     1DBA       72        4       0
                text40                             240C     240C        C        4       0
                text39                             1D46     1D46       74        4       0
                text38                             2374     2374       26        4       0
                text37                             10B6     10B6      16C        4       0
                text36                             1CD2     1CD2       74        4       0
                text35                             1C5E     1C5E       74        4       0
                text34                             20E4     20E4       4A        4       0
                text33                             137C     137C      15A        4       0
                text32                             1222     1222      15A        4       0
                text31                             1626     1626      150        4       0
                text30                             14D6     14D6      150        4       0
                text29                               A6       A6      668        4       0
                text28                             23BA     23BA       20        4       0
                text27                             2176     2176       48        4       0
                text26                             22FA     22FA       2A        4       0
                text25                             2324     2324       28        4       0
                text24                             2246     2246       42        4       0
                text23                             2442     2442        A        4       0
                text22                             2438     2438        A        4       0
                text21                             242E     242E        A        4       0
                text20                             2400     2400        C        4       0
                text19                             2044     2044       50        4       0
                text18                             1FF4     1FF4       50        4       0
                text17                             1FA4     1FA4       50        4       0
                text16                             1F54     1F54       50        4       0
                text15                             21BE     21BE       44        4       0
                text14                             18AE     18AE      138        4       0
                text13                             19E6     19E6       AA        4       0
                text12                             239A     239A       20        4       0
                text11                             1776     1776      138        4       0
                text10                             1EFA     1EFA       5A        4       0
                text9                              1A90     1A90       A4        4       0
                text8                              1E2C     1E2C       6A        4       0
                text7                               F46      F46      170        4       0
                text6                               70E      70E      39E        4       0
                text5                              2424     2424        A        4       0
                text4                              1E96     1E96       64        4       0
                text3                              1BCE     1BCE       90        4       0
                text2                               AAC      AAC      2E0        4       0
                text1                              23DA     23DA       1A        4       0
                text0                               D8C      D8C      1BA        4       0
                cstackCOMRAM                          1        1       38        1       1
                cstackBANK0                          A8       A8       3E       60       1
                cstackBANK1                         1A8      1A8       16      100       1
                bssBANK2                            200      200       C8      200       1
                dataBANK1                           178      178       30      100       1
                bssBANK1                            100      100       78      100       1
                dataBANK0                            60       60       48       60       1
                bssBANK0                             E6       E6       12       60       1
                dataCOMRAM                           39       39        C        1       1
                bssCOMRAM                            45       45        A        1       1
                cinit                              1B34     1B34       9A        4       0
                idataBANK1                         22CA     22CA       30        4       0
                idataBANK0                         212E     212E       48        4       0
                idataCOMRAM                        23F4     23F4        C        4       0

TOTAL           Name                               Link     Load   Length     Space
        CLASS   CODE           
                intcode                               8        8       9A         0
                init                                 A2       A2        4         0
                reset_vec                             0        0        4         0
                text51                             246A     246A        6         0
                text50                             234C     234C       28         0
                text49                             2288     2288       42         0
                text48                             2460     2460        A         0
                text47                             2456     2456        A         0
                text46                             244C     244C        A         0
                text45                             2418     2418        C         0
                text44                             2094     2094       50         0
                text43                             2202     2202       44         0
                text42                             1DBA     1DBA       72         0
                text40                             240C     240C        C         0
                text39                             1D46     1D46       74         0
                text38                             2374     2374       26         0
                text37                             10B6     10B6      16C         0
                text36                             1CD2     1CD2       74         0
                text35                             1C5E     1C5E       74         0
                text34                             20E4     20E4       4A         0
                text33                             137C     137C      15A         0
                text32                             1222     1222      15A         0
                text31                             1626     1626      150         0
                text30                             14D6     14D6      150         0
                text29                               A6       A6      668         0
                text28                             23BA     23BA       20         0
                text27                             2176     2176       48         0
                text26                             22FA     22FA       2A         0
                text25                             2324     2324       28         0
                text24                             2246     2246       42         0
                text23                             2442     2442        A         0
                text22                             2438     2438        A         0
                text21                             242E     242E        A         0
                text20                             2400     2400        C         0
                text19                             2044     2044       50         0
                text18                             1FF4     1FF4       50         0
                text17                             1FA4     1FA4       50         0
                text16                             1F54     1F54       50         0
                text15                             21BE     21BE       44         0
                text14                             18AE     18AE      138         0
                text13                             19E6     19E6       AA         0
                text12                             239A     239A       20         0
                text11                             1776     1776      138         0
                text10                             1EFA     1EFA       5A         0
                text9                              1A90     1A90       A4         0
                text8                              1E2C     1E2C       6A         0
                text7                               F46      F46      170         0
                text6                               70E      70E      39E         0
                text5                              2424     2424        A         0
                text4                              1E96     1E96       64         0
                text3                              1BCE     1BCE       90         0
                text2                               AAC      AAC      2E0         0
                text1                              23DA     23DA       1A         0
                text0                               D8C      D8C      1BA         0
                cinit                              1B34     1B34       9A         0
                idataBANK1                         22CA     22CA       30         0
                idataBANK0                         212E     212E       48         0
                idataCOMRAM                        23F4     23F4        C         0

        CLASS   CONST          

        CLASS   SMALLCONST     

        CLASS   MEDIUMCONST    

        CLASS   COMRAM         
                temp                                 4F       4F        1         1
                cstackCOMRAM                          1        1       38         1
                dataCOMRAM                           39       39        C         1
                bssCOMRAM                            45       45        A         1

        CLASS   ABS1           

        CLASS   BIGRAM         

        CLASS   RAM            

        CLASS   BANK0          
                cstackBANK0                          A8       A8       3E         1
                dataBANK0                            60       60       48         1
                bssBANK0                             E6       E6       12         1

        CLASS   BANK1          
                cstackBANK1                         1A8      1A8       16         1
                dataBANK1                           178      178       30         1
                bssBANK1                            100      100       78         1

        CLASS   BANK2          
                bssBANK2                            200      200       C8         1

        CLASS   BANK3          

        CLASS   BANK4          

        CLASS   BANK5          

        CLASS   BANK6          

        CLASS   BANK7          

        CLASS   BANK8          

        CLASS   BANK9          

        CLASS   BANK10         

        CLASS   BANK11         

        CLASS   BANK12         

        CLASS   BANK13         

        CLASS   SFR            

        CLASS   BIGSFR         

        CLASS   CONFIG         
                config                           300000   300000        C         4

        CLASS   IDLOC          
                idloc                            200000   200000       10         5

        CLASS   EEDATA         

        CLASS   FARRAM         

        CLASS   HEAP           

        CLASS   STACK          



SEGMENTS        Name                           Load    Length   Top    Selector   Space  Class

                reset_vec                      000000  000004  000004         0       0  CODE    
                cstackCOMRAM                   000001  00004F  000050         1       1  COMRAM  
                intcode                        000008  002468  002470         4       0  CODE    
                dataBANK0                      000060  000098  0000F8        60       1  BANK0   
                bssBANK1                       000100  0000BE  0001BE       100       1  BANK1   
                bssBANK2                       000200  0000C8  0002C8       200       1  BANK2   


UNUSED ADDRESS RANGES

        Name                Unused          Largest block    Delta
        BANK0            0000F8-0000FF                8
        BANK1            0001BE-0001FF               42
        BANK10           000A00-000AFF              100
        BANK11           000B00-000BFF              100
        BANK12           000C00-000CFF              100
        BANK13           000D00-000DE9               EA
        BANK2            0002C8-0002FF               38
        BANK3            000300-0003FF              100
        BANK4            000400-0004FF              100
        BANK5            000500-0005FF              100
        BANK6            000600-0006FF              100
        BANK7            000700-0007FF              100
        BANK8            000800-0008FF              100
        BANK9            000900-0009FF              100
        BIGRAM           000050-00005F               10
                         0000F8-0000FF                8
                         0001BE-0001FF               42
                         0002C8-000DE9              B22
        BIGSFR           000DEF-000FFF              211
        CODE             000004-000007                4
                         002470-01FFFF            1DB90
        COMRAM           000050-00005F               10
        CONST            000004-000007                4
                         002470-01FFFF            1DB90
        EEDATA           310000-3103FF              400
        MEDIUMCONST      002470-00FFFF             DB90
                         010E00-01FFFF             F200
        RAM              0000F8-0000FF                8
                         0001BE-0001FF               42
                         0002C8-000DE9              100
        SFR              000DEF-000FFF              100
        SMALLCONST       002470-01FFFF              100

                                  Symbol Table

?___lldiv                        cstackCOMRAM 00001A
?___lmul                         cstackCOMRAM 00000E
?___lwdiv                        cstackCOMRAM 000014
?___wmul                         cstackCOMRAM 00000E
?_color_read_Blue                cstackCOMRAM 000012
?_color_read_Clear               cstackCOMRAM 000012
?_color_read_Green               cstackCOMRAM 000012
?_color_read_Red                 cstackCOMRAM 000012
?_get_color_code                 cstackCOMRAM 000030
?_get_color_distance             cstackCOMRAM 000014
?_get_state                      cstackCOMRAM 00000E
?_get_wall_detection             cstackCOMRAM 000014
?i2_color_read_Clear             cstackCOMRAM 000005
I2C_2_Master_Read@ack            cstackCOMRAM 000010
I2C_2_Master_Read@tmp            cstackCOMRAM 000011
I2C_2_Master_Write@data_byte     cstackCOMRAM 00000F
RobotMovement@color              cstackCOMRAM 00002B
RobotMovement@i                  cstackCOMRAM 000033
RobotMovement@i_1276             cstackCOMRAM 000035
RobotMovement@motorL             cstackCOMRAM 00002D
RobotMovement@motorR             cstackCOMRAM 00002F
TimedfullSpeedAhead@mL           cstackCOMRAM 000021
TimedfullSpeedAhead@mR           cstackCOMRAM 000023
TimedfullSpeedAhead@time         cstackCOMRAM 000025
_ANSELDbits                      (abs)        000EA7
_ANSELFbits                      (abs)        000EB4
_Black_rule                      bssBANK1     00016C
_Black_setup                     dataCOMRAM   000039
_Blue_rule                       dataBANK0    000078
_CCP1CONbits                     (abs)        000FAB
_CCP2CONbits                     (abs)        000FA7
_CCP3CONbits                     (abs)        000F26
_CCP4CONbits                     (abs)        000F22
_CCPR1H                          (abs)        000FAA
_CCPR2H                          (abs)        000FA6
_CCPR3H                          (abs)        000F25
_CCPR4H                          (abs)        000F21
_CCPTMRS0bits                    (abs)        000FAD
_Color_rules                     bssBANK1     000100
_Green_rule                      dataBANK0    000084
_HighISR                         intcode      000008
_I2C_2_Master_Idle               text25       002324
_I2C_2_Master_Init               text26       0022FA
_I2C_2_Master_Read               text24       002246
_I2C_2_Master_RepStart           text23       002442
_I2C_2_Master_Start              text22       002438
_I2C_2_Master_Stop               text21       00242E
_I2C_2_Master_Write              text20       002400
_INTCONbits                      (abs)        000FF2
_Interrupts_init                 text40       00240C
_LATAbits                        (abs)        000F79
_LATCbits                        (abs)        000F7B
_LATEbits                        (abs)        000F7D
_LATFbits                        (abs)        000F7E
_LATGbits                        (abs)        000F7F
_Lightblue_rule                  dataBANK1    000184
_Orange_rule                     dataBANK1    000190
_PIE0bits                        (abs)        000E29
_PIE2bits                        (abs)        000E2B
_PIR0bits                        (abs)        000E33
_PORTFbits                       (abs)        000F8E
_Pink_rule                       dataBANK1    00019C
_RC7PPS                          (abs)        000E69
_RD5PPS                          (abs)        000E6F
_RD6PPS                          (abs)        000E70
_RE2PPS                          (abs)        000E74
_RE4PPS                          (abs)        000E76
_RG6PPS                          (abs)        000E88
_RGB                             bssBANK0     0000E6
_Red_rule                        dataBANK0    000090
_RobotMovement                   text29       0000A6
_SSP2ADD                         (abs)        000ED6
_SSP2BUF                         (abs)        000ED5
_SSP2CLKPPS                      (abs)        000E1C
_SSP2CON1bits                    (abs)        000ED9
_SSP2CON2                        (abs)        000EDA
_SSP2CON2bits                    (abs)        000EDA
_SSP2DATPPS                      (abs)        000E1D
_SSP2STAT                        (abs)        000ED8
_T0CON0bits                      (abs)        000FD5
_T0CON1bits                      (abs)        000FD6
_T2CLKCONbits                    (abs)        000FBF
_T2CONbits                       (abs)        000FBD
_T2HLTbits                       (abs)        000FBE
_T2PR                            (abs)        000FBC
_TMR0H                           (abs)        000FD4
_TMR0L                           (abs)        000FD3
_TRISAbits                       (abs)        000F81
_TRISCbits                       (abs)        000F83
_TRISDbits                       (abs)        000F84
_TRISEbits                       (abs)        000F85
_TRISFbits                       (abs)        000F86
_TRISGbits                       (abs)        000F87
_TimedfullSpeedAhead             text36       001CD2
_Timer0_init                     text28       0023BA
_White_rule                      dataBANK1    000178
_White_setup                     dataBANK0    000060
_Yellow_rule                     dataBANK0    00006C
__HRAM                           (abs)        000000
__Habs1                          abs1         000000
__Hbank0                         bank0        000000
__Hbank1                         bank1        000000
__Hbank10                        bank10       000000
__Hbank11                        bank11       000000
__Hbank12                        bank12       000000
__Hbank13                        bank13       000000
__Hbank2                         bank2        000000
__Hbank3                         bank3        000000
__Hbank4                         bank4        000000
__Hbank5                         bank5        000000
__Hbank6                         bank6        000000
__Hbank7                         bank7        000000
__Hbank8                         bank8        000000
__Hbank9                         bank9        000000
__Hbigbss                        bigbss       000000
__Hbigdata                       bigdata      000000
__Hbigram                        bigram       000000
__Hbigsfr                        bigsfr       000000
__Hbss                           bss          000000
__HbssBANK0                      bssBANK0     000000
__HbssBANK1                      bssBANK1     000000
__HbssBANK2                      bssBANK2     000000
__HbssCOMRAM                     bssCOMRAM    000000
__Hcinit                         cinit        000000
__Hclrtext                       clrtext      000000
__Hcomram                        comram       000000
__Hconfig                        config       30000C
__Hconst                         const        000000
__HcstackBANK0                   cstackBANK0  000000
__HcstackBANK1                   cstackBANK1  000000
__HcstackCOMRAM                  cstackCOMRAM 000000
__Hdata                          data         000000
__HdataBANK0                     dataBANK0    000000
__HdataBANK1                     dataBANK1    000000
__HdataCOMRAM                    dataCOMRAM   000000
__Heeprom_data                   eeprom_data  000000
__Hfarbss                        farbss       000000
__Hfardata                       fardata      000000
__Hheap                          heap         000000
__Hibigdata                      ibigdata     000000
__Hidata                         idata        000000
__HidataBANK0                    idataBANK0   000000
__HidataBANK1                    idataBANK1   000000
__HidataCOMRAM                   idataCOMRAM  000000
__Hidloc                         idloc        200010
__Hifardata                      ifardata     000000
__Hinit                          init         0000A6
__Hintcode                       intcode      0000A2
__Hintcode_body                  intcode_body 000000
__Hintcodelo                     intcodelo    0000A2
__Hintentry                      intentry     000000
__Hintret                        intret       000000
__Hintsave_regs                  intsave_regs 000000
__Hirdata                        irdata       000000
__Hmediumconst                   mediumconst  000000
__HnvFARRAM                      nvFARRAM     000000
__Hnvbit                         nvbit        000000
__Hnvrram                        nvrram       000000
__Hparam                         rparam       000000
__Hpowerup                       powerup      0000A2
__Hram                           ram          000000
__Hramtop                        ramtop       000E00
__Hrbit                          rbit         000000
__Hrbss                          rbss         000000
__Hrdata                         rdata        000000
__Hreset_vec                     reset_vec    000004
__Hrparam                        rparam       000000
__Hsfr                           sfr          000000
__Hsmallconst                    smallconst   000000
__Hspace_0                       (abs)        002470
__Hspace_1                       (abs)        0002C8
__Hspace_2                       (abs)        000000
__Hspace_4                       (abs)        60000C
__Hstack                         stack        000000
__Hstruct                        struct       000000
__Htemp                          temp         000050
__Htext                          text         000000
__Htext0                         text0        000000
__Htext1                         text1        000000
__Htext10                        text10       000000
__Htext11                        text11       000000
__Htext12                        text12       000000
__Htext13                        text13       000000
__Htext14                        text14       000000
__Htext15                        text15       000000
__Htext16                        text16       000000
__Htext17                        text17       000000
__Htext18                        text18       000000
__Htext19                        text19       000000
__Htext2                         text2        000000
__Htext20                        text20       000000
__Htext21                        text21       000000
__Htext22                        text22       000000
__Htext23                        text23       000000
__Htext24                        text24       000000
__Htext25                        text25       000000
__Htext26                        text26       000000
__Htext27                        text27       000000
__Htext28                        text28       000000
__Htext29                        text29       000000
__Htext3                         text3        000000
__Htext30                        text30       000000
__Htext31                        text31       000000
__Htext32                        text32       000000
__Htext33                        text33       000000
__Htext34                        text34       000000
__Htext35                        text35       000000
__Htext36                        text36       000000
__Htext37                        text37       000000
__Htext38                        text38       000000
__Htext39                        text39       000000
__Htext4                         text4        000000
__Htext40                        text40       000000
__Htext42                        text42       000000
__Htext43                        text43       000000
__Htext44                        text44       000000
__Htext45                        text45       000000
__Htext46                        text46       000000
__Htext47                        text47       000000
__Htext48                        text48       000000
__Htext49                        text49       000000
__Htext5                         text5        000000
__Htext50                        text50       000000
__Htext51                        text51       000000
__Htext6                         text6        000000
__Htext7                         text7        000000
__Htext8                         text8        000000
__Htext9                         text9        000000
__LRAM                           (abs)        000001
__Labs1                          abs1         000000
__Lbank0                         bank0        000000
__Lbank1                         bank1        000000
__Lbank10                        bank10       000000
__Lbank11                        bank11       000000
__Lbank12                        bank12       000000
__Lbank13                        bank13       000000
__Lbank2                         bank2        000000
__Lbank3                         bank3        000000
__Lbank4                         bank4        000000
__Lbank5                         bank5        000000
__Lbank6                         bank6        000000
__Lbank7                         bank7        000000
__Lbank8                         bank8        000000
__Lbank9                         bank9        000000
__Lbigbss                        bigbss       000000
__Lbigdata                       bigdata      000000
__Lbigram                        bigram       000000
__Lbigsfr                        bigsfr       000000
__Lbss                           bss          000000
__LbssBANK0                      bssBANK0     000000
__LbssBANK1                      bssBANK1     000000
__LbssBANK2                      bssBANK2     000000
__LbssCOMRAM                     bssCOMRAM    000000
__Lcinit                         cinit        000000
__Lclrtext                       clrtext      000000
__Lcomram                        comram       000000
__Lconfig                        config       000000
__Lconst                         const        000000
__LcstackBANK0                   cstackBANK0  000000
__LcstackBANK1                   cstackBANK1  000000
__LcstackCOMRAM                  cstackCOMRAM 000000
__Ldata                          data         000000
__LdataBANK0                     dataBANK0    000000
__LdataBANK1                     dataBANK1    000000
__LdataCOMRAM                    dataCOMRAM   000000
__Leeprom_data                   eeprom_data  000000
__Lfarbss                        farbss       000000
__Lfardata                       fardata      000000
__Lheap                          heap         000000
__Libigdata                      ibigdata     000000
__Lidata                         idata        000000
__LidataBANK0                    idataBANK0   000000
__LidataBANK1                    idataBANK1   000000
__LidataCOMRAM                   idataCOMRAM  000000
__Lidloc                         idloc        000000
__Lifardata                      ifardata     000000
__Linit                          init         0000A2
__Lintcode                       intcode      000008
__Lintcode_body                  intcode_body 000000
__Lintcodelo                     intcodelo    0000A2
__Lintentry                      intentry     000000
__Lintret                        intret       000000
__Lintsave_regs                  intsave_regs 000000
__Lirdata                        irdata       000000
__Lmediumconst                   mediumconst  000000
__LnvFARRAM                      nvFARRAM     000000
__Lnvbit                         nvbit        000000
__Lnvrram                        nvrram       000000
__Lparam                         rparam       000000
__Lpowerup                       powerup      0000A2
__Lram                           ram          000000
__Lramtop                        ramtop       000E00
__Lrbit                          rbit         000000
__Lrbss                          rbss         000000
__Lrdata                         rdata        000000
__Lreset_vec                     reset_vec    000000
__Lrparam                        rparam       000000
__Lsfr                           sfr          000000
__Lsmallconst                    smallconst   000000
__Lspace_0                       (abs)        000000
__Lspace_1                       (abs)        000000
__Lspace_2                       (abs)        000000
__Lspace_4                       (abs)        000000
__Lstack                         stack        000000
__Lstruct                        struct       000000
__Ltemp                          temp         00004F
__Ltext                          text         000000
__Ltext0                         text0        000000
__Ltext1                         text1        000000
__Ltext10                        text10       000000
__Ltext11                        text11       000000
__Ltext12                        text12       000000
__Ltext13                        text13       000000
__Ltext14                        text14       000000
__Ltext15                        text15       000000
__Ltext16                        text16       000000
__Ltext17                        text17       000000
__Ltext18                        text18       000000
__Ltext19                        text19       000000
__Ltext2                         text2        000000
__Ltext20                        text20       000000
__Ltext21                        text21       000000
__Ltext22                        text22       000000
__Ltext23                        text23       000000
__Ltext24                        text24       000000
__Ltext25                        text25       000000
__Ltext26                        text26       000000
__Ltext27                        text27       000000
__Ltext28                        text28       000000
__Ltext29                        text29       000000
__Ltext3                         text3        000000
__Ltext30                        text30       000000
__Ltext31                        text31       000000
__Ltext32                        text32       000000
__Ltext33                        text33       000000
__Ltext34                        text34       000000
__Ltext35                        text35       000000
__Ltext36                        text36       000000
__Ltext37                        text37       000000
__Ltext38                        text38       000000
__Ltext39                        text39       000000
__Ltext4                         text4        000000
__Ltext40                        text40       000000
__Ltext42                        text42       000000
__Ltext43                        text43       000000
__Ltext44                        text44       000000
__Ltext45                        text45       000000
__Ltext46                        text46       000000
__Ltext47                        text47       000000
__Ltext48                        text48       000000
__Ltext49                        text49       000000
__Ltext5                         text5        000000
__Ltext50                        text50       000000
__Ltext51                        text51       000000
__Ltext6                         text6        000000
__Ltext7                         text7        000000
__Ltext8                         text8        000000
__Ltext9                         text9        000000
__S0                             (abs)        002470
__S1                             (abs)        0002C8
__S4                             (abs)        000000
__S5                             (abs)        000000
___heap_hi                       (abs)        000000
___heap_lo                       (abs)        000000
___inthi_sp                      stack        000000
___intlo_sp                      stack        000000
___lldiv                         text9        001A90
___lldiv@counter                 cstackCOMRAM 000026
___lldiv@dividend                cstackCOMRAM 00001A
___lldiv@divisor                 cstackCOMRAM 00001E
___lldiv@quotient                cstackCOMRAM 000022
___lmul                          text8        001E2C
___lmul@multiplicand             cstackCOMRAM 000012
___lmul@multiplier               cstackCOMRAM 00000E
___lmul@product                  cstackCOMRAM 000016
___lwdiv                         text39       001D46
___lwdiv@counter                 cstackCOMRAM 000018
___lwdiv@dividend                cstackCOMRAM 000014
___lwdiv@divisor                 cstackCOMRAM 000016
___lwdiv@quotient                cstackCOMRAM 000019
___param_bank                    (abs)        000000
___rparam_used                   (abs)        000001
___sp                            stack        000000
___wmul                          text38       002374
___wmul@multiplicand             cstackCOMRAM 000010
___wmul@multiplier               cstackCOMRAM 00000E
___wmul@product                  cstackCOMRAM 000012
__accesstop                      (abs)        000060
__activetblptr                   (abs)        000000
__end_of_HighISR                 intcode      0000A2
__end_of_I2C_2_Master_Idle       text25       00234C
__end_of_I2C_2_Master_Init       text26       002324
__end_of_I2C_2_Master_Read       text24       002288
__end_of_I2C_2_Master_RepStart   text23       00244C
__end_of_I2C_2_Master_Start      text22       002442
__end_of_I2C_2_Master_Stop       text21       002438
__end_of_I2C_2_Master_Write      text20       00240C
__end_of_Interrupts_init         text40       002418
__end_of_RobotMovement           text29       00070E
__end_of_TimedfullSpeedAhead     text36       001D46
__end_of_Timer0_init             text28       0023DA
__end_of___lldiv                 text9        001B34
__end_of___lmul                  text8        001E96
__end_of___lwdiv                 text39       001DBA
__end_of___wmul                  text38       00239A
__end_of__initialization         cinit        001BC4
__end_of_add_seconds_to_list     text27       0021BE
__end_of_calibrate_black         text14       0019E6
__end_of_calibrate_white         text13       001A90
__end_of_color_click_init        text11       0018AE
__end_of_color_read_Blue         text19       002094
__end_of_color_read_Clear        text18       002044
__end_of_color_read_Green        text17       001FF4
__end_of_color_read_Red          text16       001FA4
__end_of_color_writetoaddr       text12       0023BA
__end_of_fullSpeedAhead          text10       001F54
__end_of_get_color_code          text6        000AAC
__end_of_get_color_distance      text7        0010B6
__end_of_get_state               text5        00242E
__end_of_get_wall_detection      text4        001EFA
__end_of_increment_seconds       text51       002470
__end_of_initDCmotorsPWM         text3        001C5E
__end_of_main                    text0        000F46
__end_of_moveBack                text35       001CD2
__end_of_return_back             text2        000D8C
__end_of_setMotorPWM             text37       001222
__end_of_set_led_color           text15       002202
__end_of_set_wall_detection      text42       001E2C
__end_of_set_wall_detection_mode text1        0023F4
__end_of_stop                    text34       00212E
__end_of_turnLeft                text33       0014D6
__end_of_turnLeftLong            text32       00137C
__end_of_turnRight               text31       001776
__end_of_turnRightLong           text30       001626
__end_ofi2_I2C_2_Master_Idle     text50       002374
__end_ofi2_I2C_2_Master_Read     text49       0022CA
__end_ofi2_I2C_2_Master_RepStart text48       00246A
__end_ofi2_I2C_2_Master_Start    text47       002460
__end_ofi2_I2C_2_Master_Stop     text46       002456
__end_ofi2_I2C_2_Master_Write    text45       002424
__end_ofi2_color_read_Clear      text44       0020E4
__end_ofi2_set_led_color         text43       002246
__initialization                 cinit        001B34
__mediumconst                    mediumconst  000000
__pbssBANK0                      bssBANK0     0000E6
__pbssBANK1                      bssBANK1     000100
__pbssBANK2                      bssBANK2     000200
__pbssCOMRAM                     bssCOMRAM    000045
__pcinit                         cinit        001B34
__pcstackBANK0                   cstackBANK0  0000A8
__pcstackBANK1                   cstackBANK1  0001A8
__pcstackCOMRAM                  cstackCOMRAM 000001
__pdataBANK0                     dataBANK0    000060
__pdataBANK1                     dataBANK1    000178
__pdataCOMRAM                    dataCOMRAM   000039
__pidataBANK0                    idataBANK0   00212E
__pidataBANK1                    idataBANK1   0022CA
__pidataCOMRAM                   idataCOMRAM  0023F4
__pintcode                       intcode      000008
__ptext0                         text0        000D8C
__ptext1                         text1        0023DA
__ptext10                        text10       001EFA
__ptext11                        text11       001776
__ptext12                        text12       00239A
__ptext13                        text13       0019E6
__ptext14                        text14       0018AE
__ptext15                        text15       0021BE
__ptext16                        text16       001F54
__ptext17                        text17       001FA4
__ptext18                        text18       001FF4
__ptext19                        text19       002044
__ptext2                         text2        000AAC
__ptext20                        text20       002400
__ptext21                        text21       00242E
__ptext22                        text22       002438
__ptext23                        text23       002442
__ptext24                        text24       002246
__ptext25                        text25       002324
__ptext26                        text26       0022FA
__ptext27                        text27       002176
__ptext28                        text28       0023BA
__ptext29                        text29       0000A6
__ptext3                         text3        001BCE
__ptext30                        text30       0014D6
__ptext31                        text31       001626
__ptext32                        text32       001222
__ptext33                        text33       00137C
__ptext34                        text34       0020E4
__ptext35                        text35       001C5E
__ptext36                        text36       001CD2
__ptext37                        text37       0010B6
__ptext38                        text38       002374
__ptext39                        text39       001D46
__ptext4                         text4        001E96
__ptext40                        text40       00240C
__ptext42                        text42       001DBA
__ptext43                        text43       002202
__ptext44                        text44       002094
__ptext45                        text45       002418
__ptext46                        text46       00244C
__ptext47                        text47       002456
__ptext48                        text48       002460
__ptext49                        text49       002288
__ptext5                         text5        002424
__ptext50                        text50       00234C
__ptext51                        text51       00246A
__ptext6                         text6        00070E
__ptext7                         text7        000F46
__ptext8                         text8        001E2C
__ptext9                         text9        001A90
__ramtop                         ramtop       000E00
__smallconst                     smallconst   000000
_add_seconds_to_list             text27       002176
_blockahead                      dataBANK0    0000A2
_blockback                       dataBANK0    0000A0
_calibrate_black                 text14       0018AE
_calibrate_black$2463            cstackCOMRAM 000021
_calibrate_white                 text13       0019E6
_clear1                          bssCOMRAM    00004D
_clear2                          bssCOMRAM    00004B
_color_click_init                text11       001776
_color_read_Blue                 text19       002044
_color_read_Clear                text18       001FF4
_color_read_Green                text17       001FA4
_color_read_Red                  text16       001F54
_color_writetoaddr               text12       00239A
_fullSpeedAhead                  text10       001EFA
_get_color_code                  text6        00070E
_get_color_code$2462             cstackBANK0  0000BA
_get_color_code$463              cstackBANK0  0000C6
_get_color_code$464              cstackBANK0  0000CA
_get_color_code$465              cstackBANK0  0000CE
_get_color_distance              text7        000F46
_get_color_distance$422          cstackBANK0  0000A8
_get_color_distance$424          cstackBANK0  0000AC
_get_color_distance$426          cstackBANK0  0000B0
_get_state                       text5        002424
_get_wall_detection              text4        001E96
_halfblock                       dataBANK0    00009E
_incr_sec_counter                bssBANK0     0000F2
_increment_seconds               text51       00246A
_index                           bssCOMRAM    000047
_initDCmotorsPWM                 text3        001BCE
_main                            text0        000D8C
_moveBack                        text35       001C5E
_movement_list                   bssBANK2     000200
_return_back                     text2        000AAC
_seconds                         bssCOMRAM    000049
_setMotorPWM                     text37       0010B6
_set_led_color                   text15       0021BE
_set_wall_detection              text42       001DBA
_set_wall_detection_mode         text1        0023DA
_state                           bssBANK0     0000F4
_stop                            text34       0020E4
_turnLeft                        text33       00137C
_turnLeftLong                    text32       001222
_turnRight                       text31       001626
_turnRightLong                   text30       0014D6
_twothirds                       dataBANK0    00009C
_wait_time                       dataBANK0    0000A4
_wall_coef                       dataBANK0    0000A6
_wall_detection_counter          bssCOMRAM    000045
_wall_detection_mode             bssBANK0     0000F6
btemp                            temp         00004F
calibrate_black@clear1           cstackCOMRAM 00001D
calibrate_black@clear2           cstackCOMRAM 00001F
color_read_Blue@tmp              cstackCOMRAM 000017
color_read_Clear@tmp             cstackCOMRAM 000017
color_read_Green@tmp             cstackCOMRAM 000017
color_read_Red@tmp               cstackCOMRAM 000017
color_writetoaddr@address        cstackCOMRAM 000011
color_writetoaddr@value          cstackCOMRAM 000010
end_of_initialization            cinit        001BC4
fullSpeedAhead@mL                cstackCOMRAM 000021
fullSpeedAhead@mR                cstackCOMRAM 000023
get_color_code@NormalizedRGB     cstackBANK0  0000DA
get_color_code@i                 cstackBANK0  0000D8
get_color_code@min_index         cstackBANK0  0000D4
get_color_code@min_value         cstackBANK0  0000D2
get_color_code@value             cstackBANK0  0000D6
get_color_distance@B_offset      cstackBANK0  0000B8
get_color_distance@G_offset      cstackBANK0  0000B6
get_color_distance@R_offset      cstackBANK0  0000B4
get_color_distance@color1        cstackCOMRAM 000014
get_color_distance@color2        cstackCOMRAM 000020
i2I2C_2_Master_Read@ack          cstackCOMRAM 000003
i2I2C_2_Master_Read@tmp          cstackCOMRAM 000004
i2I2C_2_Master_Write@data_byte   cstackCOMRAM 000002
i2_I2C_2_Master_Idle             text50       00234C
i2_I2C_2_Master_Read             text49       002288
i2_I2C_2_Master_RepStart         text48       002460
i2_I2C_2_Master_Start            text47       002456
i2_I2C_2_Master_Stop             text46       00244C
i2_I2C_2_Master_Write            text45       002418
i2_color_read_Clear              text44       002094
i2_set_led_color                 text43       002202
i2color_read_Clear@tmp           cstackCOMRAM 00000A
i2set_led_color@color            cstackCOMRAM 000001
initDCmotorsPWM@PWMperiod        cstackCOMRAM 00000E
int$flags                        temp         00004F
intlevel0                        text         000000
intlevel1                        text         000000
intlevel2                        text         000000
intlevel3                        text         000000
isa$std                          (abs)        000001
isa$xinst                        (abs)        000000
main@color_code                  cstackBANK1  0001A8
main@motorL                      cstackBANK1  0001AC
main@motorR                      cstackBANK1  0001B5
main@state                       cstackBANK1  0001AA
moveBack@mL                      cstackCOMRAM 000021
moveBack@mR                      cstackCOMRAM 000023
moveBack@time                    cstackCOMRAM 000025
return_back@motorL               cstackCOMRAM 00002B
return_back@motorR               cstackCOMRAM 00002D
setMotorPWM@m                    cstackCOMRAM 00001B
setMotorPWM@negDuty              cstackCOMRAM 000020
setMotorPWM@posDuty              cstackCOMRAM 00001F
set_led_color@color              cstackCOMRAM 00000E
set_wall_detection@mode          cstackCOMRAM 00000C
set_wall_detection_mode@mode     cstackCOMRAM 00000E
stackhi                          (abs)        000000
stacklo                          (abs)        000000
start                            init         0000A2
start_initialization             cinit        001B34
stop@mL                          cstackCOMRAM 000021
stop@mR                          cstackCOMRAM 000023
ttemp5                           temp         000050
ttemp6                           temp         000053
ttemp7                           temp         000057
turnLeft@i                       cstackCOMRAM 000029
turnLeft@k                       cstackCOMRAM 000027
turnLeft@mL                      cstackCOMRAM 000021
turnLeft@mR                      cstackCOMRAM 000023
turnLeftLong@i                   cstackCOMRAM 000029
turnLeftLong@k                   cstackCOMRAM 000027
turnLeftLong@mL                  cstackCOMRAM 000021
turnLeftLong@mR                  cstackCOMRAM 000023
turnRight@i                      cstackCOMRAM 000029
turnRight@k                      cstackCOMRAM 000027
turnRight@mL                     cstackCOMRAM 000021
turnRight@mR                     cstackCOMRAM 000023
turnRightLong@i                  cstackCOMRAM 000029
turnRightLong@k                  cstackCOMRAM 000027
turnRightLong@mL                 cstackCOMRAM 000021
turnRightLong@mR                 cstackCOMRAM 000023
wtemp8                           temp         000050


MODULE INFORMATION

Module		Function		Class		Link	Load	Size
timers.c
		_Timer0_init   		CODE           	23BA	0000	32

timers.c estimated size: 32

C:\Program Files\Microchip\xc8\v2.40\pic\sources\c99\common\lwdiv.c
		___lwdiv       		CODE           	1D46	0000	116

C:\Program Files\Microchip\xc8\v2.40\pic\sources\c99\common\lwdiv.c estimated size: 116

color.c
		_color_writetoaddr		CODE           	239A	0000	32
		_calibrate_black		CODE           	18AE	0000	312
		_calibrate_white		CODE           	19E6	0000	170
		_get_color_code		CODE           	070E	0000	926
		_color_click_init		CODE           	1776	0000	312
		_get_wall_detection		CODE           	1E96	0000	100
		_get_color_distance		CODE           	0F46	0000	368
		_set_wall_detection		CODE           	1DBA	0000	114
		_color_read_Green		CODE           	1FA4	0000	80
		_color_read_Clear		CODE           	1FF4	0000	80
		_color_read_Red		CODE           	1F54	0000	80
		_set_led_color 		CODE           	21BE	0000	68
		_set_wall_detection_mode		CODE           	23DA	0000	26
		_color_read_Blue		CODE           	2044	0000	80

color.c estimated size: 2748

C:\Program Files\Microchip\xc8\v2.40\pic\sources\c99\common\Umul16.c
		___wmul        		CODE           	2374	0000	38

C:\Program Files\Microchip\xc8\v2.40\pic\sources\c99\common\Umul16.c estimated size: 38

dc_motor.c
		_RobotMovement 		CODE           	00A6	0000	1640
		_add_seconds_to_list		CODE           	2176	0000	72
		_fullSpeedAhead		CODE           	1EFA	0000	90
		_turnLeft      		CODE           	137C	0000	346
		_stop          		CODE           	20E4	0000	74
		_moveBack      		CODE           	1C5E	0000	116
		_initDCmotorsPWM		CODE           	1BCE	0000	144
		_turnLeftLong  		CODE           	1222	0000	346
		_turnRight     		CODE           	1626	0000	336
		_increment_seconds		CODE           	246A	0000	6
		_return_back   		CODE           	0AAC	0000	736
		_turnRightLong 		CODE           	14D6	0000	336
		_setMotorPWM   		CODE           	10B6	0000	364
		_TimedfullSpeedAhead		CODE           	1CD2	0000	116
		_get_state     		CODE           	2424	0000	10

dc_motor.c estimated size: 4732

interrupts.c
		_Interrupts_init		CODE           	240C	0000	12
		_HighISR       		CODE           	0008	0000	154

interrupts.c estimated size: 166

C:\Program Files\Microchip\xc8\v2.40\pic\sources\c99\common\__lldiv.c
		___lldiv       		CODE           	1A90	0000	164

C:\Program Files\Microchip\xc8\v2.40\pic\sources\c99\common\__lldiv.c estimated size: 164

i2c.c
		_I2C_2_Master_Start		CODE           	2438	0000	10
		_I2C_2_Master_Read		CODE           	2246	0000	66
		_I2C_2_Master_Idle		CODE           	2324	0000	40
		_I2C_2_Master_Init		CODE           	22FA	0000	42
		_I2C_2_Master_Stop		CODE           	242E	0000	10
		_I2C_2_Master_RepStart		CODE           	2442	0000	10
		_I2C_2_Master_Write		CODE           	2400	0000	12

i2c.c estimated size: 190

C:\Program Files\Microchip\xc8\v2.40\pic\sources\c99\common\Umul32.c
		___lmul        		CODE           	1E2C	0000	106

C:\Program Files\Microchip\xc8\v2.40\pic\sources\c99\common\Umul32.c estimated size: 106

shared
		i2_I2C_2_Master_Stop		CODE           	244C	0000	10
		i2_I2C_2_Master_Read		CODE           	2288	0000	66
		i2_color_read_Clear		CODE           	2094	0000	80
		i2_I2C_2_Master_Idle		CODE           	234C	0000	40
		i2_I2C_2_Master_RepStart		CODE           	2460	0000	10
		__initialization		CODE           	1B34	0000	144
		i2_set_led_color		CODE           	2202	0000	68
		i2_I2C_2_Master_Write		CODE           	2418	0000	12
		i2_I2C_2_Master_Start		CODE           	2456	0000	10

shared estimated size: 440

main.c
		_main          		CODE           	0D8C	0000	442

main.c estimated size: 442

